Archive member included to satisfy reference by file (symbol)

f:/program files/truestudio for arm 5.5.2/armtools/bin/../lib/gcc/arm-atollic-eabi/5.3.1/../../../../arm-atollic-eabi/lib/armv7-m\libc.a(lib_a-atoi.o)
                              Src\main.o (atoi)
f:/program files/truestudio for arm 5.5.2/armtools/bin/../lib/gcc/arm-atollic-eabi/5.3.1/../../../../arm-atollic-eabi/lib/armv7-m\libc.a(lib_a-init.o)
                              Drivers\CMSIS\Device\ST\STM32F1xx\Source\Templates\gcc\startup_stm32f103xb.o (__libc_init_array)
f:/program files/truestudio for arm 5.5.2/armtools/bin/../lib/gcc/arm-atollic-eabi/5.3.1/../../../../arm-atollic-eabi/lib/armv7-m\libc.a(lib_a-malloc.o)
                              Src\usbd_conf.o (free)
f:/program files/truestudio for arm 5.5.2/armtools/bin/../lib/gcc/arm-atollic-eabi/5.3.1/../../../../arm-atollic-eabi/lib/armv7-m\libc.a(lib_a-mallocr.o)
                              f:/program files/truestudio for arm 5.5.2/armtools/bin/../lib/gcc/arm-atollic-eabi/5.3.1/../../../../arm-atollic-eabi/lib/armv7-m\libc.a(lib_a-malloc.o) (_malloc_r)
f:/program files/truestudio for arm 5.5.2/armtools/bin/../lib/gcc/arm-atollic-eabi/5.3.1/../../../../arm-atollic-eabi/lib/armv7-m\libc.a(lib_a-mlock.o)
                              f:/program files/truestudio for arm 5.5.2/armtools/bin/../lib/gcc/arm-atollic-eabi/5.3.1/../../../../arm-atollic-eabi/lib/armv7-m\libc.a(lib_a-mallocr.o) (__malloc_lock)
f:/program files/truestudio for arm 5.5.2/armtools/bin/../lib/gcc/arm-atollic-eabi/5.3.1/../../../../arm-atollic-eabi/lib/armv7-m\libc.a(lib_a-sbrkr.o)
                              f:/program files/truestudio for arm 5.5.2/armtools/bin/../lib/gcc/arm-atollic-eabi/5.3.1/../../../../arm-atollic-eabi/lib/armv7-m\libc.a(lib_a-mallocr.o) (_sbrk_r)
f:/program files/truestudio for arm 5.5.2/armtools/bin/../lib/gcc/arm-atollic-eabi/5.3.1/../../../../arm-atollic-eabi/lib/armv7-m\libc.a(lib_a-strtol.o)
                              f:/program files/truestudio for arm 5.5.2/armtools/bin/../lib/gcc/arm-atollic-eabi/5.3.1/../../../../arm-atollic-eabi/lib/armv7-m\libc.a(lib_a-atoi.o) (_strtol_r)
f:/program files/truestudio for arm 5.5.2/armtools/bin/../lib/gcc/arm-atollic-eabi/5.3.1/../../../../arm-atollic-eabi/lib/armv7-m\libc.a(lib_a-ctype_.o)
                              f:/program files/truestudio for arm 5.5.2/armtools/bin/../lib/gcc/arm-atollic-eabi/5.3.1/../../../../arm-atollic-eabi/lib/armv7-m\libc.a(lib_a-strtol.o) (__ctype_ptr__)
f:/program files/truestudio for arm 5.5.2/armtools/bin/../lib/gcc/arm-atollic-eabi/5.3.1/../../../../arm-atollic-eabi/lib/armv7-m\libc.a(lib_a-freer.o)
                              f:/program files/truestudio for arm 5.5.2/armtools/bin/../lib/gcc/arm-atollic-eabi/5.3.1/../../../../arm-atollic-eabi/lib/armv7-m\libc.a(lib_a-malloc.o) (_free_r)
f:/program files/truestudio for arm 5.5.2/armtools/bin/../lib/gcc/arm-atollic-eabi/5.3.1/../../../../arm-atollic-eabi/lib/armv7-m\libc.a(lib_a-impure.o)
                              f:/program files/truestudio for arm 5.5.2/armtools/bin/../lib/gcc/arm-atollic-eabi/5.3.1/../../../../arm-atollic-eabi/lib/armv7-m\libc.a(lib_a-malloc.o) (_impure_ptr)
f:/program files/truestudio for arm 5.5.2/armtools/bin/../lib/gcc/arm-atollic-eabi/5.3.1/../../../../arm-atollic-eabi/lib/armv7-m\libc.a(lib_a-reent.o)
                              f:/program files/truestudio for arm 5.5.2/armtools/bin/../lib/gcc/arm-atollic-eabi/5.3.1/../../../../arm-atollic-eabi/lib/armv7-m\libc.a(lib_a-sbrkr.o) (errno)
f:/program files/truestudio for arm 5.5.2/armtools/bin/../lib/gcc/arm-atollic-eabi/5.3.1/../../../../arm-atollic-eabi/lib/armv7-m\libnosys.a(sbrk.o)
                              f:/program files/truestudio for arm 5.5.2/armtools/bin/../lib/gcc/arm-atollic-eabi/5.3.1/../../../../arm-atollic-eabi/lib/armv7-m\libc.a(lib_a-sbrkr.o) (_sbrk)

Allocating common symbols
Common symbol       size              file

hUsbDeviceFS        0x224             Src\usb_device.o
errno               0x4               f:/program files/truestudio for arm 5.5.2/armtools/bin/../lib/gcc/arm-atollic-eabi/5.3.1/../../../../arm-atollic-eabi/lib/armv7-m\libc.a(lib_a-reent.o)
pFlash              0x20              Drivers\STM32F1xx_HAL_Driver\Src\stm32f1xx_hal_flash.o
UserRxBufferFS      0x4               Src\usbd_cdc_if.o
UserTxBufferFS      0x4               Src\usbd_cdc_if.o
htim2               0x3c              Src\main.o
temp_buf            0x200             Src\main.o
hpcd_USB_FS         0x420             Src\usbd_conf.o
USBD_StrDesc        0x200             Src\usbd_desc.o

Discarded input sections

 .text          0x00000000        0x0 f:/program files/truestudio for arm 5.5.2/armtools/bin/../lib/gcc/arm-atollic-eabi/5.3.1/armv7-m/crti.o
 .data          0x00000000        0x0 f:/program files/truestudio for arm 5.5.2/armtools/bin/../lib/gcc/arm-atollic-eabi/5.3.1/armv7-m/crti.o
[...]
Memory Configuration

Name             Origin             Length             Attributes
FLASH            0x08000000         0x00020000         xr
RAM              0x20000000         0x00005000         xrw
*default*        0x00000000         0xffffffff

Linker script and memory map

LOAD f:/program files/truestudio for arm 5.5.2/armtools/bin/../lib/gcc/arm-atollic-eabi/5.3.1/armv7-m/crti.o
LOAD f:/program files/truestudio for arm 5.5.2/armtools/bin/../lib/gcc/arm-atollic-eabi/5.3.1/armv7-m/crtbegin.o
LOAD Src\usbd_desc.o
LOAD Src\usbd_conf.o
LOAD Src\usbd_cdc_if.o
LOAD Src\usb_device.o
LOAD Src\stm32f1xx_it.o
LOAD Src\stm32f1xx_hal_msp.o
LOAD Src\main.o
LOAD Middlewares\ST\STM32_USB_Device_Library\Core\Src\usbd_ioreq.o
LOAD Middlewares\ST\STM32_USB_Device_Library\Core\Src\usbd_ctlreq.o
LOAD Middlewares\ST\STM32_USB_Device_Library\Core\Src\usbd_core.o
LOAD Middlewares\ST\STM32_USB_Device_Library\Class\CDC\Src\usbd_cdc.o
LOAD Drivers\STM32F1xx_HAL_Driver\Src\stm32f1xx_ll_usb.o
LOAD Drivers\STM32F1xx_HAL_Driver\Src\stm32f1xx_hal_tim_ex.o
LOAD Drivers\STM32F1xx_HAL_Driver\Src\stm32f1xx_hal_tim.o
LOAD Drivers\STM32F1xx_HAL_Driver\Src\stm32f1xx_hal_rcc_ex.o
LOAD Drivers\STM32F1xx_HAL_Driver\Src\stm32f1xx_hal_rcc.o
LOAD Drivers\STM32F1xx_HAL_Driver\Src\stm32f1xx_hal_pwr.o
LOAD Drivers\STM32F1xx_HAL_Driver\Src\stm32f1xx_hal_pcd_ex.o
LOAD Drivers\STM32F1xx_HAL_Driver\Src\stm32f1xx_hal_pcd.o
LOAD Drivers\STM32F1xx_HAL_Driver\Src\stm32f1xx_hal_gpio_ex.o
LOAD Drivers\STM32F1xx_HAL_Driver\Src\stm32f1xx_hal_gpio.o
LOAD Drivers\STM32F1xx_HAL_Driver\Src\stm32f1xx_hal_flash_ex.o
LOAD Drivers\STM32F1xx_HAL_Driver\Src\stm32f1xx_hal_flash.o
LOAD Drivers\STM32F1xx_HAL_Driver\Src\stm32f1xx_hal_dma.o
LOAD Drivers\STM32F1xx_HAL_Driver\Src\stm32f1xx_hal_cortex.o
LOAD Drivers\STM32F1xx_HAL_Driver\Src\stm32f1xx_hal.o
LOAD Drivers\CMSIS\Device\ST\STM32F1xx\Source\Templates\system_stm32f1xx.o
LOAD Drivers\CMSIS\Device\ST\STM32F1xx\Source\Templates\gcc\startup_stm32f103xb.o
START GROUP
LOAD f:/program files/truestudio for arm 5.5.2/armtools/bin/../lib/gcc/arm-atollic-eabi/5.3.1/../../../../arm-atollic-eabi/lib/armv7-m\libc.a
LOAD f:/program files/truestudio for arm 5.5.2/armtools/bin/../lib/gcc/arm-atollic-eabi/5.3.1/../../../../arm-atollic-eabi/lib/armv7-m\libm.a
END GROUP
                0x00000080                malloc_getpagesize_P = 0x80
START GROUP
LOAD f:/program files/truestudio for arm 5.5.2/armtools/bin/../lib/gcc/arm-atollic-eabi/5.3.1/armv7-m\libgcc.a
LOAD f:/program files/truestudio for arm 5.5.2/armtools/bin/../lib/gcc/arm-atollic-eabi/5.3.1/../../../../arm-atollic-eabi/lib/armv7-m\libc.a
END GROUP
START GROUP
LOAD f:/program files/truestudio for arm 5.5.2/armtools/bin/../lib/gcc/arm-atollic-eabi/5.3.1/armv7-m\libgcc.a
LOAD f:/program files/truestudio for arm 5.5.2/armtools/bin/../lib/gcc/arm-atollic-eabi/5.3.1/../../../../arm-atollic-eabi/lib/armv7-m\libc.a
LOAD f:/program files/truestudio for arm 5.5.2/armtools/bin/../lib/gcc/arm-atollic-eabi/5.3.1/../../../../arm-atollic-eabi/lib/armv7-m\libnosys.a
END GROUP
LOAD f:/program files/truestudio for arm 5.5.2/armtools/bin/../lib/gcc/arm-atollic-eabi/5.3.1/armv7-m/crtend.o
LOAD f:/program files/truestudio for arm 5.5.2/armtools/bin/../lib/gcc/arm-atollic-eabi/5.3.1/armv7-m/crtn.o
                0x20005000                _estack = 0x20005000
                0x00000200                _Min_Heap_Size = 0x200
                0x00000400                _Min_Stack_Size = 0x400

.isr_vector     0x08000000      0x10c
                0x08000000                . = ALIGN (0x4)
 *(.isr_vector)
 .isr_vector    0x08000000      0x10c Drivers\CMSIS\Device\ST\STM32F1xx\Source\Templates\gcc\startup_stm32f103xb.o
                0x08000000                g_pfnVectors
                0x0800010c                . = ALIGN (0x4)

.text           0x0800010c     0x3ac8
                0x0800010c                . = ALIGN (0x4)
 *(.text)
 .text          0x0800010c       0x40 f:/program files/truestudio for arm 5.5.2/armtools/bin/../lib/gcc/arm-atollic-eabi/5.3.1/armv7-m/crtbegin.o
 *(.text*)
 .text.USBD_FS_DeviceDescriptor
                0x0800014c        0xc Src\usbd_desc.o
                0x0800014c                USBD_FS_DeviceDescriptor
 .text.USBD_FS_LangIDStrDescriptor
                0x08000158        0xc Src\usbd_desc.o
                0x08000158                USBD_FS_LangIDStrDescriptor
 .text.USBD_FS_ProductStrDescriptor
                0x08000164       0x24 Src\usbd_desc.o
                0x08000164                USBD_FS_ProductStrDescriptor
 .text.USBD_FS_ManufacturerStrDescriptor
                0x08000188       0x1c Src\usbd_desc.o
                0x08000188                USBD_FS_ManufacturerStrDescriptor
 .text.USBD_FS_SerialStrDescriptor
                0x080001a4       0x24 Src\usbd_desc.o
                0x080001a4                USBD_FS_SerialStrDescriptor
 .text.USBD_FS_ConfigStrDescriptor
                0x080001c8       0x24 Src\usbd_desc.o
                0x080001c8                USBD_FS_ConfigStrDescriptor
 .text.USBD_FS_InterfaceStrDescriptor
                0x080001ec       0x24 Src\usbd_desc.o
                0x080001ec                USBD_FS_InterfaceStrDescriptor
 .text.HAL_PCD_MspInit
                0x08000210       0x40 Src\usbd_conf.o
                0x08000210                HAL_PCD_MspInit
 .text.HAL_PCD_SetupStageCallback
                0x08000250       0x10 Src\usbd_conf.o
                0x08000250                HAL_PCD_SetupStageCallback
 .text.HAL_PCD_DataOutStageCallback
                0x08000260       0x14 Src\usbd_conf.o
                0x08000260                HAL_PCD_DataOutStageCallback
 .text.HAL_PCD_DataInStageCallback
                0x08000274       0x14 Src\usbd_conf.o
                0x08000274                HAL_PCD_DataInStageCallback
 .text.HAL_PCD_SOFCallback
                0x08000288        0xc Src\usbd_conf.o
                0x08000288                HAL_PCD_SOFCallback
 .text.HAL_PCD_ResetCallback
                0x08000294       0x18 Src\usbd_conf.o
                0x08000294                HAL_PCD_ResetCallback
 .text.HAL_PCD_SuspendCallback
                0x080002ac       0x20 Src\usbd_conf.o
                0x080002ac                HAL_PCD_SuspendCallback
 .text.HAL_PCD_ResumeCallback
                0x080002cc        0xc Src\usbd_conf.o
                0x080002cc                HAL_PCD_ResumeCallback
 .text.USBD_LL_Init
                0x080002d8       0x84 Src\usbd_conf.o
                0x080002d8                USBD_LL_Init
 .text.USBD_LL_Start
                0x0800035c       0x10 Src\usbd_conf.o
                0x0800035c                USBD_LL_Start
 .text.USBD_LL_OpenEP
                0x0800036c       0x14 Src\usbd_conf.o
                0x0800036c                USBD_LL_OpenEP
 .text.USBD_LL_CloseEP
                0x08000380       0x10 Src\usbd_conf.o
                0x08000380                USBD_LL_CloseEP
 .text.USBD_LL_StallEP
                0x08000390       0x10 Src\usbd_conf.o
                0x08000390                USBD_LL_StallEP
 .text.USBD_LL_ClearStallEP
                0x080003a0       0x10 Src\usbd_conf.o
                0x080003a0                USBD_LL_ClearStallEP
 .text.USBD_LL_IsStallEP
                0x080003b0       0x28 Src\usbd_conf.o
                0x080003b0                USBD_LL_IsStallEP
 .text.USBD_LL_SetUSBAddress
                0x080003d8       0x10 Src\usbd_conf.o
                0x080003d8                USBD_LL_SetUSBAddress
 .text.USBD_LL_Transmit
                0x080003e8       0x10 Src\usbd_conf.o
                0x080003e8                USBD_LL_Transmit
 .text.USBD_LL_PrepareReceive
                0x080003f8       0x10 Src\usbd_conf.o
                0x080003f8                USBD_LL_PrepareReceive
 .text.USBD_LL_GetRxDataSize
                0x08000408        0xc Src\usbd_conf.o
                0x08000408                USBD_LL_GetRxDataSize
 .text.USBD_static_malloc
                0x08000414        0x8 Src\usbd_conf.o
                0x08000414                USBD_static_malloc
 .text.USBD_static_free
                0x0800041c        0x8 Src\usbd_conf.o
                0x0800041c                USBD_static_free
 .text.HAL_PCDEx_SetConnectionState
                0x08000424        0x4 Src\usbd_conf.o
                0x08000424                HAL_PCDEx_SetConnectionState
 .text.CDC_DeInit_FS
                0x08000428        0x4 Src\usbd_cdc_if.o
 .text.CDC_Control_FS
                0x0800042c        0x4 Src\usbd_cdc_if.o
 .text.CDC_Receive_FS
                0x08000430       0x24 Src\usbd_cdc_if.o
 .text.CDC_Init_FS
                0x08000454       0x28 Src\usbd_cdc_if.o
 .text.CDC_Transmit_FS
                0x0800047c       0x2c Src\usbd_cdc_if.o
                0x0800047c                CDC_Transmit_FS
 .text.MX_USB_DEVICE_Init
                0x080004a8       0x38 Src\usb_device.o
                0x080004a8                MX_USB_DEVICE_Init
 .text.NMI_Handler
                0x080004e0        0x4 Src\stm32f1xx_it.o
                0x080004e0                NMI_Handler
 .text.HardFault_Handler
                0x080004e4        0x4 Src\stm32f1xx_it.o
                0x080004e4                HardFault_Handler
 .text.MemManage_Handler
                0x080004e8        0x4 Src\stm32f1xx_it.o
                0x080004e8                MemManage_Handler
 .text.BusFault_Handler
                0x080004ec        0x4 Src\stm32f1xx_it.o
                0x080004ec                BusFault_Handler
 .text.UsageFault_Handler
                0x080004f0        0x4 Src\stm32f1xx_it.o
                0x080004f0                UsageFault_Handler
 .text.SVC_Handler
                0x080004f4        0x4 Src\stm32f1xx_it.o
                0x080004f4                SVC_Handler
 .text.DebugMon_Handler
                0x080004f8        0x4 Src\stm32f1xx_it.o
                0x080004f8                DebugMon_Handler
 .text.PendSV_Handler
                0x080004fc        0x4 Src\stm32f1xx_it.o
                0x080004fc                PendSV_Handler
 .text.SysTick_Handler
                0x08000500        0xc Src\stm32f1xx_it.o
                0x08000500                SysTick_Handler
 .text.USB_LP_CAN1_RX0_IRQHandler
                0x0800050c       0x10 Src\stm32f1xx_it.o
                0x0800050c                USB_LP_CAN1_RX0_IRQHandler
 .text.TIM2_IRQHandler
                0x0800051c       0x10 Src\stm32f1xx_it.o
                0x0800051c                TIM2_IRQHandler
 .text.HAL_MspInit
                0x0800052c       0x90 Src\stm32f1xx_hal_msp.o
                0x0800052c                HAL_MspInit
 .text.HAL_TIM_Base_MspInit
                0x080005bc       0x3c Src\stm32f1xx_hal_msp.o
                0x080005bc                HAL_TIM_Base_MspInit
 .text.MX_GPIO_Init
                0x080005f8       0x6c Src\main.o
 .text.cparabn  0x08000664       0x1c Src\main.o
                0x08000664                cparabn
 .text.HAL_TIM_PeriodElapsedCallback
                0x08000680       0x6c Src\main.o
                0x08000680                HAL_TIM_PeriodElapsedCallback
 .text.Process_USB_Data
                0x080006ec       0x50 Src\main.o
                0x080006ec                Process_USB_Data
 .text.Error_Handler
                0x0800073c        0x4 Src\main.o
                0x0800073c                Error_Handler
 .text.MX_TIM2_Init
                0x08000740       0x68 Src\main.o
 .text.SystemClock_Config
                0x080007a8       0x8c Src\main.o
                0x080007a8                SystemClock_Config
 .text.main     0x08000834       0x30 Src\main.o
                0x08000834                main
 .text.USBD_CtlSendData
                0x08000864       0x1c Middlewares\ST\STM32_USB_Device_Library\Core\Src\usbd_ioreq.o
                0x08000864                USBD_CtlSendData
 .text.USBD_CtlContinueSendData
                0x08000880       0x10 Middlewares\ST\STM32_USB_Device_Library\Core\Src\usbd_ioreq.o
                0x08000880                USBD_CtlContinueSendData
 .text.USBD_CtlPrepareRx
                0x08000890       0x20 Middlewares\ST\STM32_USB_Device_Library\Core\Src\usbd_ioreq.o
                0x08000890                USBD_CtlPrepareRx
 .text.USBD_CtlContinueRx
                0x080008b0       0x10 Middlewares\ST\STM32_USB_Device_Library\Core\Src\usbd_ioreq.o
                0x080008b0                USBD_CtlContinueRx
 .text.USBD_CtlSendStatus
                0x080008c0       0x18 Middlewares\ST\STM32_USB_Device_Library\Core\Src\usbd_ioreq.o
                0x080008c0                USBD_CtlSendStatus
 .text.USBD_CtlReceiveStatus
                0x080008d8       0x18 Middlewares\ST\STM32_USB_Device_Library\Core\Src\usbd_ioreq.o
                0x080008d8                USBD_CtlReceiveStatus
 .text.USBD_GetLen
                0x080008f0       0x14 Middlewares\ST\STM32_USB_Device_Library\Core\Src\usbd_ctlreq.o
 .text.USBD_SetFeature
                0x08000904       0x20 Middlewares\ST\STM32_USB_Device_Library\Core\Src\usbd_ctlreq.o
 .text.USBD_ParseSetupRequest
                0x08000924       0x28 Middlewares\ST\STM32_USB_Device_Library\Core\Src\usbd_ctlreq.o
                0x08000924                USBD_ParseSetupRequest
 .text.USBD_CtlError
                0x0800094c       0x14 Middlewares\ST\STM32_USB_Device_Library\Core\Src\usbd_ctlreq.o
                0x0800094c                USBD_CtlError
 .text.USBD_GetDescriptor
                0x08000960      0x130 Middlewares\ST\STM32_USB_Device_Library\Core\Src\usbd_ctlreq.o
 .text.USBD_SetAddress
                0x08000a90       0x4c Middlewares\ST\STM32_USB_Device_Library\Core\Src\usbd_ctlreq.o
 .text.USBD_SetConfig
                0x08000adc       0xa8 Middlewares\ST\STM32_USB_Device_Library\Core\Src\usbd_ctlreq.o
 .text.USBD_GetConfig
                0x08000b84       0x3c Middlewares\ST\STM32_USB_Device_Library\Core\Src\usbd_ctlreq.o
 .text.USBD_GetStatus
                0x08000bc0       0x2c Middlewares\ST\STM32_USB_Device_Library\Core\Src\usbd_ctlreq.o
 .text.USBD_ClrFeature
                0x08000bec       0x30 Middlewares\ST\STM32_USB_Device_Library\Core\Src\usbd_ctlreq.o
 .text.USBD_StdDevReq
                0x08000c1c       0x48 Middlewares\ST\STM32_USB_Device_Library\Core\Src\usbd_ctlreq.o
                0x08000c1c                USBD_StdDevReq
 .text.USBD_StdItfReq
                0x08000c64       0x38 Middlewares\ST\STM32_USB_Device_Library\Core\Src\usbd_ctlreq.o
                0x08000c64                USBD_StdItfReq
 .text.USBD_StdEPReq
                0x08000c9c      0x11c Middlewares\ST\STM32_USB_Device_Library\Core\Src\usbd_ctlreq.o
                0x08000c9c                USBD_StdEPReq
 .text.USBD_GetString
                0x08000db8       0x3c Middlewares\ST\STM32_USB_Device_Library\Core\Src\usbd_ctlreq.o
                0x08000db8                USBD_GetString
 .text.USBD_Init
                0x08000df4       0x30 Middlewares\ST\STM32_USB_Device_Library\Core\Src\usbd_core.o
                0x08000df4                USBD_Init
 .text.USBD_RegisterClass
                0x08000e24       0x10 Middlewares\ST\STM32_USB_Device_Library\Core\Src\usbd_core.o
                0x08000e24                USBD_RegisterClass
 .text.USBD_Start
                0x08000e34        0xc Middlewares\ST\STM32_USB_Device_Library\Core\Src\usbd_core.o
                0x08000e34                USBD_Start
 .text.USBD_SetClassConfig
                0x08000e40       0x1c Middlewares\ST\STM32_USB_Device_Library\Core\Src\usbd_core.o
                0x08000e40                USBD_SetClassConfig
 .text.USBD_ClrClassConfig
                0x08000e5c       0x10 Middlewares\ST\STM32_USB_Device_Library\Core\Src\usbd_core.o
                0x08000e5c                USBD_ClrClassConfig
 .text.USBD_LL_SetupStage
                0x08000e6c       0x5c Middlewares\ST\STM32_USB_Device_Library\Core\Src\usbd_core.o
                0x08000e6c                USBD_LL_SetupStage
 .text.USBD_LL_DataOutStage
                0x08000ec8       0x68 Middlewares\ST\STM32_USB_Device_Library\Core\Src\usbd_core.o
                0x08000ec8                USBD_LL_DataOutStage
 .text.USBD_LL_DataInStage
                0x08000f30       0xac Middlewares\ST\STM32_USB_Device_Library\Core\Src\usbd_core.o
                0x08000f30                USBD_LL_DataInStage
 .text.USBD_LL_Reset
                0x08000fdc       0x40 Middlewares\ST\STM32_USB_Device_Library\Core\Src\usbd_core.o
                0x08000fdc                USBD_LL_Reset
 .text.USBD_LL_SetSpeed
                0x0800101c        0x8 Middlewares\ST\STM32_USB_Device_Library\Core\Src\usbd_core.o
                0x0800101c                USBD_LL_SetSpeed
 .text.USBD_LL_Suspend
                0x08001024       0x14 Middlewares\ST\STM32_USB_Device_Library\Core\Src\usbd_core.o
                0x08001024                USBD_LL_Suspend
 .text.USBD_LL_Resume
                0x08001038        0xc Middlewares\ST\STM32_USB_Device_Library\Core\Src\usbd_core.o
                0x08001038                USBD_LL_Resume
 .text.USBD_LL_SOF
                0x08001044       0x18 Middlewares\ST\STM32_USB_Device_Library\Core\Src\usbd_core.o
                0x08001044                USBD_LL_SOF
 .text.USBD_CDC_DataIn
                0x0800105c       0x14 Middlewares\ST\STM32_USB_Device_Library\Class\CDC\Src\usbd_cdc.o
 .text.USBD_CDC_EP0_RxReady
                0x08001070       0x28 Middlewares\ST\STM32_USB_Device_Library\Class\CDC\Src\usbd_cdc.o
 .text.USBD_CDC_GetFSCfgDesc
                0x08001098        0xc Middlewares\ST\STM32_USB_Device_Library\Class\CDC\Src\usbd_cdc.o
 .text.USBD_CDC_GetHSCfgDesc
                0x080010a4        0xc Middlewares\ST\STM32_USB_Device_Library\Class\CDC\Src\usbd_cdc.o
 .text.USBD_CDC_GetOtherSpeedCfgDesc
                0x080010b0        0xc Middlewares\ST\STM32_USB_Device_Library\Class\CDC\Src\usbd_cdc.o
 .text.USBD_CDC_GetDeviceQualifierDescriptor
                0x080010bc        0xc Middlewares\ST\STM32_USB_Device_Library\Class\CDC\Src\usbd_cdc.o
                0x080010bc                USBD_CDC_GetDeviceQualifierDescriptor
 .text.USBD_CDC_DataOut
                0x080010c8       0x30 Middlewares\ST\STM32_USB_Device_Library\Class\CDC\Src\usbd_cdc.o
 .text.USBD_CDC_Setup
                0x080010f8       0x74 Middlewares\ST\STM32_USB_Device_Library\Class\CDC\Src\usbd_cdc.o
 .text.USBD_CDC_DeInit
                0x0800116c       0x3c Middlewares\ST\STM32_USB_Device_Library\Class\CDC\Src\usbd_cdc.o
 .text.USBD_CDC_Init
                0x080011a8       0x98 Middlewares\ST\STM32_USB_Device_Library\Class\CDC\Src\usbd_cdc.o
 .text.USBD_CDC_RegisterInterface
                0x08001240       0x10 Middlewares\ST\STM32_USB_Device_Library\Class\CDC\Src\usbd_cdc.o
                0x08001240                USBD_CDC_RegisterInterface
 .text.USBD_CDC_SetTxBuffer
                0x08001250       0x10 Middlewares\ST\STM32_USB_Device_Library\Class\CDC\Src\usbd_cdc.o
                0x08001250                USBD_CDC_SetTxBuffer
 .text.USBD_CDC_SetRxBuffer
                0x08001260        0xc Middlewares\ST\STM32_USB_Device_Library\Class\CDC\Src\usbd_cdc.o
                0x08001260                USBD_CDC_SetRxBuffer
 .text.USBD_CDC_TransmitPacket
                0x0800126c       0x30 Middlewares\ST\STM32_USB_Device_Library\Class\CDC\Src\usbd_cdc.o
                0x0800126c                USBD_CDC_TransmitPacket
 .text.USBD_CDC_ReceivePacket
                0x0800129c       0x34 Middlewares\ST\STM32_USB_Device_Library\Class\CDC\Src\usbd_cdc.o
                0x0800129c                USBD_CDC_ReceivePacket
 .text.USB_CoreInit
                0x080012d0       0x10 Drivers\STM32F1xx_HAL_Driver\Src\stm32f1xx_ll_usb.o
                0x080012d0                USB_CoreInit
 .text.USB_EnableGlobalInt
                0x080012e0       0x14 Drivers\STM32F1xx_HAL_Driver\Src\stm32f1xx_ll_usb.o
                0x080012e0                USB_EnableGlobalInt
 .text.USB_DisableGlobalInt
                0x080012f4       0x14 Drivers\STM32F1xx_HAL_Driver\Src\stm32f1xx_ll_usb.o
                0x080012f4                USB_DisableGlobalInt
 .text.USB_SetCurrentMode
                0x08001308        0x4 Drivers\STM32F1xx_HAL_Driver\Src\stm32f1xx_ll_usb.o
                0x08001308                USB_SetCurrentMode
 .text.USB_DevInit
                0x0800130c       0x28 Drivers\STM32F1xx_HAL_Driver\Src\stm32f1xx_ll_usb.o
                0x0800130c                USB_DevInit
 .text.USB_ActivateEndpoint
                0x08001334      0x33c Drivers\STM32F1xx_HAL_Driver\Src\stm32f1xx_ll_usb.o
                0x08001334                USB_ActivateEndpoint
 .text.USB_DeactivateEndpoint
                0x08001670      0x1d0 Drivers\STM32F1xx_HAL_Driver\Src\stm32f1xx_ll_usb.o
                0x08001670                USB_DeactivateEndpoint
 .text.USB_EPSetStall
                0x08001840       0x70 Drivers\STM32F1xx_HAL_Driver\Src\stm32f1xx_ll_usb.o
                0x08001840                USB_EPSetStall
 .text.USB_EPClearStall
                0x080018b0       0x98 Drivers\STM32F1xx_HAL_Driver\Src\stm32f1xx_ll_usb.o
                0x080018b0                USB_EPClearStall
 .text.USB_SetDevAddress
                0x08001948        0xc Drivers\STM32F1xx_HAL_Driver\Src\stm32f1xx_ll_usb.o
                0x08001948                USB_SetDevAddress
 .text.USB_DevConnect
                0x08001954        0x4 Drivers\STM32F1xx_HAL_Driver\Src\stm32f1xx_ll_usb.o
                0x08001954                USB_DevConnect
 .text.USB_DevDisconnect
                0x08001958        0x4 Drivers\STM32F1xx_HAL_Driver\Src\stm32f1xx_ll_usb.o
                0x08001958                USB_DevDisconnect
 .text.USB_ReadInterrupts
                0x0800195c        0x8 Drivers\STM32F1xx_HAL_Driver\Src\stm32f1xx_ll_usb.o
                0x0800195c                USB_ReadInterrupts
 .text.USB_EP0_OutStart
                0x08001964        0x4 Drivers\STM32F1xx_HAL_Driver\Src\stm32f1xx_ll_usb.o
                0x08001964                USB_EP0_OutStart
 .text.USB_WritePMA
                0x08001968       0x28 Drivers\STM32F1xx_HAL_Driver\Src\stm32f1xx_ll_usb.o
                0x08001968                USB_WritePMA
 .text.USB_EPStartXfer
                0x08001990      0x2e8 Drivers\STM32F1xx_HAL_Driver\Src\stm32f1xx_ll_usb.o
                0x08001990                USB_EPStartXfer
 .text.USB_ReadPMA
                0x08001c78       0x20 Drivers\STM32F1xx_HAL_Driver\Src\stm32f1xx_ll_usb.o
                0x08001c78                USB_ReadPMA
 .text.HAL_TIMEx_MasterConfigSynchronization
                0x08001c98       0x54 Drivers\STM32F1xx_HAL_Driver\Src\stm32f1xx_hal_tim_ex.o
                0x08001c98                HAL_TIMEx_MasterConfigSynchronization
 .text.HAL_TIMEx_CommutationCallback
                0x08001cec        0x4 Drivers\STM32F1xx_HAL_Driver\Src\stm32f1xx_hal_tim_ex.o
                0x08001cec                HAL_TIMEx_CommutationCallback
 .text.HAL_TIMEx_BreakCallback
                0x08001cf0        0x4 Drivers\STM32F1xx_HAL_Driver\Src\stm32f1xx_hal_tim_ex.o
                0x08001cf0                HAL_TIMEx_BreakCallback
 .text.TIM_TI1_ConfigInputStage
                0x08001cf4       0x24 Drivers\STM32F1xx_HAL_Driver\Src\stm32f1xx_hal_tim.o
 .text.TIM_TI2_ConfigInputStage
                0x08001d18       0x28 Drivers\STM32F1xx_HAL_Driver\Src\stm32f1xx_hal_tim.o
 .text.TIM_ITRx_SetConfig
                0x08001d40       0x10 Drivers\STM32F1xx_HAL_Driver\Src\stm32f1xx_hal_tim.o
 .text.TIM_ETR_SetConfig
                0x08001d50       0x18 Drivers\STM32F1xx_HAL_Driver\Src\stm32f1xx_hal_tim.o
 .text.HAL_TIM_Base_Start_IT
                0x08001d68       0x18 Drivers\STM32F1xx_HAL_Driver\Src\stm32f1xx_hal_tim.o
                0x08001d68                HAL_TIM_Base_Start_IT
 .text.HAL_TIM_OnePulse_MspInit
                0x08001d80        0x4 Drivers\STM32F1xx_HAL_Driver\Src\stm32f1xx_hal_tim.o
                0x08001d80                HAL_TIM_OnePulse_MspInit
 .text.HAL_TIM_ConfigClockSource
                0x08001d84      0x114 Drivers\STM32F1xx_HAL_Driver\Src\stm32f1xx_hal_tim.o
                0x08001d84                HAL_TIM_ConfigClockSource
 .text.HAL_TIM_OC_DelayElapsedCallback
                0x08001e98        0x4 Drivers\STM32F1xx_HAL_Driver\Src\stm32f1xx_hal_tim.o
                0x08001e98                HAL_TIM_OC_DelayElapsedCallback
 .text.HAL_TIM_IC_CaptureCallback
                0x08001e9c        0x4 Drivers\STM32F1xx_HAL_Driver\Src\stm32f1xx_hal_tim.o
                0x08001e9c                HAL_TIM_IC_CaptureCallback
 .text.HAL_TIM_PWM_PulseFinishedCallback
                0x08001ea0        0x4 Drivers\STM32F1xx_HAL_Driver\Src\stm32f1xx_hal_tim.o
                0x08001ea0                HAL_TIM_PWM_PulseFinishedCallback
 .text.HAL_TIM_TriggerCallback
                0x08001ea4        0x4 Drivers\STM32F1xx_HAL_Driver\Src\stm32f1xx_hal_tim.o
                0x08001ea4                HAL_TIM_TriggerCallback
 .text.HAL_TIM_IRQHandler
                0x08001ea8      0x174 Drivers\STM32F1xx_HAL_Driver\Src\stm32f1xx_hal_tim.o
                0x08001ea8                HAL_TIM_IRQHandler
 .text.TIM_Base_SetConfig
                0x0800201c       0x68 Drivers\STM32F1xx_HAL_Driver\Src\stm32f1xx_hal_tim.o
                0x0800201c                TIM_Base_SetConfig
 .text.HAL_TIM_Base_Init
                0x08002084       0x38 Drivers\STM32F1xx_HAL_Driver\Src\stm32f1xx_hal_tim.o
                0x08002084                HAL_TIM_Base_Init
 .text.HAL_TIM_OnePulse_Init
                0x080020bc       0x4c Drivers\STM32F1xx_HAL_Driver\Src\stm32f1xx_hal_tim.o
                0x080020bc                HAL_TIM_OnePulse_Init
 .text.HAL_RCCEx_PeriphCLKConfig
                0x08002108      0x138 Drivers\STM32F1xx_HAL_Driver\Src\stm32f1xx_hal_rcc_ex.o
                0x08002108                HAL_RCCEx_PeriphCLKConfig
 .text.HAL_RCC_OscConfig
                0x08002240      0x5ec Drivers\STM32F1xx_HAL_Driver\Src\stm32f1xx_hal_rcc.o
                0x08002240                HAL_RCC_OscConfig
 .text.HAL_RCC_GetSysClockFreq
                0x0800282c       0x94 Drivers\STM32F1xx_HAL_Driver\Src\stm32f1xx_hal_rcc.o
                0x0800282c                HAL_RCC_GetSysClockFreq
 .text.HAL_RCC_ClockConfig
                0x080028c0      0x1e4 Drivers\STM32F1xx_HAL_Driver\Src\stm32f1xx_hal_rcc.o
                0x080028c0                HAL_RCC_ClockConfig
 .text.HAL_RCC_GetHCLKFreq
                0x08002aa4        0xc Drivers\STM32F1xx_HAL_Driver\Src\stm32f1xx_hal_rcc.o
                0x08002aa4                HAL_RCC_GetHCLKFreq
 .text.HAL_PCDEx_PMAConfig
                0x08002ab0       0x38 Drivers\STM32F1xx_HAL_Driver\Src\stm32f1xx_hal_pcd_ex.o
                0x08002ab0                HAL_PCDEx_PMAConfig
 .text.HAL_PCD_Init
                0x08002ae8       0xdc Drivers\STM32F1xx_HAL_Driver\Src\stm32f1xx_hal_pcd.o
                0x08002ae8                HAL_PCD_Init
 .text.HAL_PCD_Start
                0x08002bc4       0x30 Drivers\STM32F1xx_HAL_Driver\Src\stm32f1xx_hal_pcd.o
                0x08002bc4                HAL_PCD_Start
 .text.HAL_PCD_SetAddress
                0x08002bf4       0x28 Drivers\STM32F1xx_HAL_Driver\Src\stm32f1xx_hal_pcd.o
                0x08002bf4                HAL_PCD_SetAddress
 .text.HAL_PCD_EP_Open
                0x08002c1c       0x54 Drivers\STM32F1xx_HAL_Driver\Src\stm32f1xx_hal_pcd.o
                0x08002c1c                HAL_PCD_EP_Open
 .text.HAL_PCD_EP_Close
                0x08002c70       0x50 Drivers\STM32F1xx_HAL_Driver\Src\stm32f1xx_hal_pcd.o
                0x08002c70                HAL_PCD_EP_Close
 .text.HAL_PCD_EP_Receive
                0x08002cc0       0x58 Drivers\STM32F1xx_HAL_Driver\Src\stm32f1xx_hal_pcd.o
                0x08002cc0                HAL_PCD_EP_Receive
 .text.HAL_PCD_EP_GetRxCount
                0x08002d18       0x10 Drivers\STM32F1xx_HAL_Driver\Src\stm32f1xx_hal_pcd.o
                0x08002d18                HAL_PCD_EP_GetRxCount
 .text.HAL_PCD_EP_Transmit
                0x08002d28       0x54 Drivers\STM32F1xx_HAL_Driver\Src\stm32f1xx_hal_pcd.o
                0x08002d28                HAL_PCD_EP_Transmit
 .text.PCD_EP_ISR_Handler
                0x08002d7c      0x45c Drivers\STM32F1xx_HAL_Driver\Src\stm32f1xx_hal_pcd.o
 .text.HAL_PCD_IRQHandler
                0x080031d8      0x154 Drivers\STM32F1xx_HAL_Driver\Src\stm32f1xx_hal_pcd.o
                0x080031d8                HAL_PCD_IRQHandler
 .text.HAL_PCD_EP_SetStall
                0x0800332c       0x5c Drivers\STM32F1xx_HAL_Driver\Src\stm32f1xx_hal_pcd.o
                0x0800332c                HAL_PCD_EP_SetStall
 .text.HAL_PCD_EP_ClrStall
                0x08003388       0x50 Drivers\STM32F1xx_HAL_Driver\Src\stm32f1xx_hal_pcd.o
                0x08003388                HAL_PCD_EP_ClrStall
 .text.HAL_GPIO_Init
                0x080033d8      0x1d8 Drivers\STM32F1xx_HAL_Driver\Src\stm32f1xx_hal_gpio.o
                0x080033d8                HAL_GPIO_Init
 .text.HAL_GPIO_WritePin
                0x080035b0        0xc Drivers\STM32F1xx_HAL_Driver\Src\stm32f1xx_hal_gpio.o
                0x080035b0                HAL_GPIO_WritePin
 .text.HAL_NVIC_SetPriorityGrouping
                0x080035bc       0x24 Drivers\STM32F1xx_HAL_Driver\Src\stm32f1xx_hal_cortex.o
                0x080035bc                HAL_NVIC_SetPriorityGrouping
 .text.HAL_NVIC_SetPriority
                0x080035e0       0x64 Drivers\STM32F1xx_HAL_Driver\Src\stm32f1xx_hal_cortex.o
                0x080035e0                HAL_NVIC_SetPriority
 .text.HAL_NVIC_EnableIRQ
                0x08003644       0x18 Drivers\STM32F1xx_HAL_Driver\Src\stm32f1xx_hal_cortex.o
                0x08003644                HAL_NVIC_EnableIRQ
 .text.HAL_SYSTICK_Config
                0x0800365c       0x2c Drivers\STM32F1xx_HAL_Driver\Src\stm32f1xx_hal_cortex.o
                0x0800365c                HAL_SYSTICK_Config
 .text.HAL_SYSTICK_CLKSourceConfig
                0x08003688       0x20 Drivers\STM32F1xx_HAL_Driver\Src\stm32f1xx_hal_cortex.o
                0x08003688                HAL_SYSTICK_CLKSourceConfig
 .text.HAL_SYSTICK_Callback
                0x080036a8        0x4 Drivers\STM32F1xx_HAL_Driver\Src\stm32f1xx_hal_cortex.o
                0x080036a8                HAL_SYSTICK_Callback
 .text.HAL_SYSTICK_IRQHandler
                0x080036ac        0x8 Drivers\STM32F1xx_HAL_Driver\Src\stm32f1xx_hal_cortex.o
                0x080036ac                HAL_SYSTICK_IRQHandler
 .text.HAL_InitTick
                0x080036b4       0x28 Drivers\STM32F1xx_HAL_Driver\Src\stm32f1xx_hal.o
                0x080036b4                HAL_InitTick
 .text.HAL_Init
                0x080036dc       0x24 Drivers\STM32F1xx_HAL_Driver\Src\stm32f1xx_hal.o
                0x080036dc                HAL_Init
 .text.HAL_IncTick
                0x08003700       0x10 Drivers\STM32F1xx_HAL_Driver\Src\stm32f1xx_hal.o
                0x08003700                HAL_IncTick
 .text.HAL_GetTick
                0x08003710        0xc Drivers\STM32F1xx_HAL_Driver\Src\stm32f1xx_hal.o
                0x08003710                HAL_GetTick
 .text.HAL_Delay
                0x0800371c       0x1c Drivers\STM32F1xx_HAL_Driver\Src\stm32f1xx_hal.o
                0x0800371c                HAL_Delay
 .text.SystemInit
                0x08003738       0x4c Drivers\CMSIS\Device\ST\STM32F1xx\Source\Templates\system_stm32f1xx.o
                0x08003738                SystemInit
 .text.Reset_Handler
                0x08003784       0x48 Drivers\CMSIS\Device\ST\STM32F1xx\Source\Templates\gcc\startup_stm32f103xb.o
                0x08003784                Reset_Handler
 .text.Default_Handler
                0x080037cc        0x2 Drivers\CMSIS\Device\ST\STM32F1xx\Source\Templates\gcc\startup_stm32f103xb.o
                0x080037cc                RTC_Alarm_IRQHandler
                0x080037cc                EXTI2_IRQHandler
                0x080037cc                TIM1_CC_IRQHandler
                0x080037cc                PVD_IRQHandler
                0x080037cc                EXTI3_IRQHandler
                0x080037cc                EXTI0_IRQHandler
                0x080037cc                I2C2_EV_IRQHandler
                0x080037cc                ADC1_2_IRQHandler
                0x080037cc                SPI1_IRQHandler
                0x080037cc                TAMPER_IRQHandler
                0x080037cc                DMA1_Channel4_IRQHandler
                0x080037cc                USART3_IRQHandler
                0x080037cc                RTC_IRQHandler
                0x080037cc                DMA1_Channel7_IRQHandler
                0x080037cc                CAN1_RX1_IRQHandler
                0x080037cc                TIM4_IRQHandler
                0x080037cc                I2C1_EV_IRQHandler
                0x080037cc                DMA1_Channel6_IRQHandler
                0x080037cc                TIM3_IRQHandler
                0x080037cc                RCC_IRQHandler
                0x080037cc                TIM1_TRG_COM_IRQHandler
                0x080037cc                DMA1_Channel1_IRQHandler
                0x080037cc                Default_Handler
                0x080037cc                EXTI15_10_IRQHandler
                0x080037cc                EXTI9_5_IRQHandler
                0x080037cc                SPI2_IRQHandler
                0x080037cc                DMA1_Channel5_IRQHandler
                0x080037cc                EXTI4_IRQHandler
                0x080037cc                USB_HP_CAN1_TX_IRQHandler
                0x080037cc                DMA1_Channel3_IRQHandler
                0x080037cc                TIM1_UP_IRQHandler
                0x080037cc                WWDG_IRQHandler
                0x080037cc                TIM1_BRK_IRQHandler
                0x080037cc                EXTI1_IRQHandler
                0x080037cc                USART2_IRQHandler
                0x080037cc                I2C2_ER_IRQHandler
                0x080037cc                DMA1_Channel2_IRQHandler
                0x080037cc                CAN1_SCE_IRQHandler
                0x080037cc                FLASH_IRQHandler
                0x080037cc                USART1_IRQHandler
                0x080037cc                I2C1_ER_IRQHandler
                0x080037cc                USBWakeUp_IRQHandler
 .text.atoi     0x080037ce        0x8 f:/program files/truestudio for arm 5.5.2/armtools/bin/../lib/gcc/arm-atollic-eabi/5.3.1/../../../../arm-atollic-eabi/lib/armv7-m\libc.a(lib_a-atoi.o)
                0x080037ce                atoi
 *fill*         0x080037d6        0x2 
 .text.__libc_init_array
                0x080037d8       0x4c f:/program files/truestudio for arm 5.5.2/armtools/bin/../lib/gcc/arm-atollic-eabi/5.3.1/../../../../arm-atollic-eabi/lib/armv7-m\libc.a(lib_a-init.o)
                0x080037d8                __libc_init_array
 .text.free     0x08003824       0x10 f:/program files/truestudio for arm 5.5.2/armtools/bin/../lib/gcc/arm-atollic-eabi/5.3.1/../../../../arm-atollic-eabi/lib/armv7-m\libc.a(lib_a-malloc.o)
                0x08003824                free
 .text.__malloc_lock
                0x08003834        0x2 f:/program files/truestudio for arm 5.5.2/armtools/bin/../lib/gcc/arm-atollic-eabi/5.3.1/../../../../arm-atollic-eabi/lib/armv7-m\libc.a(lib_a-mlock.o)
                0x08003834                __malloc_lock
 .text.__malloc_unlock
                0x08003836        0x2 f:/program files/truestudio for arm 5.5.2/armtools/bin/../lib/gcc/arm-atollic-eabi/5.3.1/../../../../arm-atollic-eabi/lib/armv7-m\libc.a(lib_a-mlock.o)
                0x08003836                __malloc_unlock
 .text._sbrk_r  0x08003838       0x20 f:/program files/truestudio for arm 5.5.2/armtools/bin/../lib/gcc/arm-atollic-eabi/5.3.1/../../../../arm-atollic-eabi/lib/armv7-m\libc.a(lib_a-sbrkr.o)
                0x08003838                _sbrk_r
 .text._strtol_r
                0x08003858      0x10c f:/program files/truestudio for arm 5.5.2/armtools/bin/../lib/gcc/arm-atollic-eabi/5.3.1/../../../../arm-atollic-eabi/lib/armv7-m\libc.a(lib_a-strtol.o)
                0x08003858                _strtol_r
 .text.strtol   0x08003964       0x14 f:/program files/truestudio for arm 5.5.2/armtools/bin/../lib/gcc/arm-atollic-eabi/5.3.1/../../../../arm-atollic-eabi/lib/armv7-m\libc.a(lib_a-strtol.o)
                0x08003964                strtol
 .text._malloc_trim_r
                0x08003978       0xac f:/program files/truestudio for arm 5.5.2/armtools/bin/../lib/gcc/arm-atollic-eabi/5.3.1/../../../../arm-atollic-eabi/lib/armv7-m\libc.a(lib_a-freer.o)
                0x08003978                _malloc_trim_r
 .text._free_r  0x08003a24      0x17c f:/program files/truestudio for arm 5.5.2/armtools/bin/../lib/gcc/arm-atollic-eabi/5.3.1/../../../../arm-atollic-eabi/lib/armv7-m\libc.a(lib_a-freer.o)
                0x08003a24                _free_r
 .text._sbrk    0x08003ba0       0x1c f:/program files/truestudio for arm 5.5.2/armtools/bin/../lib/gcc/arm-atollic-eabi/5.3.1/../../../../arm-atollic-eabi/lib/armv7-m\libnosys.a(sbrk.o)
                0x08003ba0                _sbrk
 *(.glue_7)
 .glue_7        0x08003bbc        0x0 linker stubs
 *(.glue_7t)
 .glue_7t       0x08003bbc        0x0 linker stubs
 *(.eh_frame)
 .eh_frame      0x08003bbc        0x0 f:/program files/truestudio for arm 5.5.2/armtools/bin/../lib/gcc/arm-atollic-eabi/5.3.1/armv7-m/crtbegin.o
 *(.init)
 .init          0x08003bbc        0x4 f:/program files/truestudio for arm 5.5.2/armtools/bin/../lib/gcc/arm-atollic-eabi/5.3.1/armv7-m/crti.o
                0x08003bbc                _init
 .init          0x08003bc0        0x8 f:/program files/truestudio for arm 5.5.2/armtools/bin/../lib/gcc/arm-atollic-eabi/5.3.1/armv7-m/crtn.o
 *(.fini)
 .fini          0x08003bc8        0x4 f:/program files/truestudio for arm 5.5.2/armtools/bin/../lib/gcc/arm-atollic-eabi/5.3.1/armv7-m/crti.o
                0x08003bc8                _fini
 .fini          0x08003bcc        0x8 f:/program files/truestudio for arm 5.5.2/armtools/bin/../lib/gcc/arm-atollic-eabi/5.3.1/armv7-m/crtn.o
                0x08003bd4                . = ALIGN (0x4)
                0x08003bd4                _etext = .

.vfp11_veneer   0x08003bd4        0x0
 .vfp11_veneer  0x08003bd4        0x0 linker stubs

.v4_bx          0x08003bd4        0x0
 .v4_bx         0x08003bd4        0x0 linker stubs

.iplt           0x08003bd4        0x0
 .iplt          0x08003bd4        0x0 f:/program files/truestudio for arm 5.5.2/armtools/bin/../lib/gcc/arm-atollic-eabi/5.3.1/armv7-m/crtbegin.o

.rodata         0x08003bd4      0x180
                0x08003bd4                . = ALIGN (0x4)
 *(.rodata)
 .rodata        0x08003bd4       0x12 Drivers\STM32F1xx_HAL_Driver\Src\stm32f1xx_hal_rcc.o
 *(.rodata*)
 *fill*         0x08003be6        0x2 
 .rodata.str1.4
                0x08003be8       0x58 Src\usbd_desc.o
                                 0x56 (size before relaxing)
 .rodata.AHBPrescTable
                0x08003c40       0x10 Drivers\CMSIS\Device\ST\STM32F1xx\Source\Templates\system_stm32f1xx.o
                0x08003c40                AHBPrescTable
 .rodata._ctype_
                0x08003c50      0x101 f:/program files/truestudio for arm 5.5.2/armtools/bin/../lib/gcc/arm-atollic-eabi/5.3.1/../../../../arm-atollic-eabi/lib/armv7-m\libc.a(lib_a-ctype_.o)
                0x08003c50                _ctype_
 .rodata.str1.1
                0x08003d51        0x2 f:/program files/truestudio for arm 5.5.2/armtools/bin/../lib/gcc/arm-atollic-eabi/5.3.1/../../../../arm-atollic-eabi/lib/armv7-m\libc.a(lib_a-impure.o)
                0x08003d54                . = ALIGN (0x4)
 *fill*         0x08003d53        0x1 

.rel.dyn        0x08003d54        0x0
 .rel.iplt      0x08003d54        0x0 f:/program files/truestudio for arm 5.5.2/armtools/bin/../lib/gcc/arm-atollic-eabi/5.3.1/armv7-m/crtbegin.o

.ARM.extab
 *(.ARM.extab* .gnu.linkonce.armextab.*)

.ARM            0x08003d54        0x0
                0x08003d54                __exidx_start = .
 *(.ARM.exidx*)
                0x08003d54                __exidx_end = .

.preinit_array  0x08003d54        0x0
                0x08003d54                PROVIDE (__preinit_array_start, .)
 *(.preinit_array*)
                0x08003d54                PROVIDE (__preinit_array_end, .)

.init_array     0x08003d54        0x4
                0x08003d54                PROVIDE (__init_array_start, .)
 *(SORT(.init_array.*))
 *(.init_array*)
 .init_array    0x08003d54        0x4 f:/program files/truestudio for arm 5.5.2/armtools/bin/../lib/gcc/arm-atollic-eabi/5.3.1/armv7-m/crtbegin.o
                0x08003d58                PROVIDE (__init_array_end, .)

.fini_array     0x08003d58        0x4
                [!provide]                PROVIDE (__fini_array_start, .)
 *(SORT(.fini_array.*))
 *(.fini_array*)
 .fini_array    0x08003d58        0x4 f:/program files/truestudio for arm 5.5.2/armtools/bin/../lib/gcc/arm-atollic-eabi/5.3.1/armv7-m/crtbegin.o
                [!provide]                PROVIDE (__fini_array_end, .)
                0x08003d5c                _sidata = LOADADDR (.data)

.data           0x20000000     0x1664 load address 0x08003d5c
                0x20000000                . = ALIGN (0x4)
                0x20000000                _sdata = .
 *(.data)
 *(.data*)
 .data.FS_Desc  0x20000000       0x1c Src\usbd_desc.o
                0x20000000                FS_Desc
 .data.USBD_LangIDDesc
                0x2000001c        0x4 Src\usbd_desc.o
                0x2000001c                USBD_LangIDDesc
 .data.USBD_FS_DeviceDesc
                0x20000020       0x12 Src\usbd_desc.o
                0x20000020                USBD_FS_DeviceDesc
 *fill*         0x20000032        0x2 
 .data.USBD_Interface_fops_FS
                0x20000034       0x10 Src\usbd_cdc_if.o
                0x20000034                USBD_Interface_fops_FS
 .data.transmit_buffer
                0x20000044      0x800 Src\main.o
                0x20000044                transmit_buffer
 .data.acsr     0x20000844        0x4 Src\main.o
                0x20000844                acsr
 .data.receive_buffer
                0x20000848      0x800 Src\main.o
                0x20000848                receive_buffer
 .data.USBD_CDC_CfgFSDesc
                0x20001048       0x43 Middlewares\ST\STM32_USB_Device_Library\Class\CDC\Src\usbd_cdc.o
                0x20001048                USBD_CDC_CfgFSDesc
 *fill*         0x2000108b        0x1 
 .data.USBD_CDC
                0x2000108c       0x38 Middlewares\ST\STM32_USB_Device_Library\Class\CDC\Src\usbd_cdc.o
                0x2000108c                USBD_CDC
 .data.USBD_CDC_DeviceQualifierDesc
                0x200010c4        0xa Middlewares\ST\STM32_USB_Device_Library\Class\CDC\Src\usbd_cdc.o
 *fill*         0x200010ce        0x2 
 .data.USBD_CDC_OtherSpeedCfgDesc
                0x200010d0       0x43 Middlewares\ST\STM32_USB_Device_Library\Class\CDC\Src\usbd_cdc.o
                0x200010d0                USBD_CDC_OtherSpeedCfgDesc
 *fill*         0x20001113        0x1 
 .data.USBD_CDC_CfgHSDesc
                0x20001114       0x43 Middlewares\ST\STM32_USB_Device_Library\Class\CDC\Src\usbd_cdc.o
                0x20001114                USBD_CDC_CfgHSDesc
 *fill*         0x20001157        0x1 
 .data.SystemCoreClock
                0x20001158        0x4 Drivers\CMSIS\Device\ST\STM32F1xx\Source\Templates\system_stm32f1xx.o
                0x20001158                SystemCoreClock
 .data.__malloc_av_
                0x2000115c      0x408 f:/program files/truestudio for arm 5.5.2/armtools/bin/../lib/gcc/arm-atollic-eabi/5.3.1/../../../../arm-atollic-eabi/lib/armv7-m\libc.a(lib_a-mallocr.o)
                0x2000115c                __malloc_av_
 .data.__malloc_trim_threshold
                0x20001564        0x4 f:/program files/truestudio for arm 5.5.2/armtools/bin/../lib/gcc/arm-atollic-eabi/5.3.1/../../../../arm-atollic-eabi/lib/armv7-m\libc.a(lib_a-mallocr.o)
                0x20001564                __malloc_trim_threshold
 .data.__malloc_sbrk_base
                0x20001568        0x4 f:/program files/truestudio for arm 5.5.2/armtools/bin/../lib/gcc/arm-atollic-eabi/5.3.1/../../../../arm-atollic-eabi/lib/armv7-m\libc.a(lib_a-mallocr.o)
                0x20001568                __malloc_sbrk_base
 .data.__ctype_ptr__
                0x2000156c        0x4 f:/program files/truestudio for arm 5.5.2/armtools/bin/../lib/gcc/arm-atollic-eabi/5.3.1/../../../../arm-atollic-eabi/lib/armv7-m\libc.a(lib_a-ctype_.o)
                0x2000156c                __ctype_ptr__
 .data.impure_data
                0x20001570       0xf0 f:/program files/truestudio for arm 5.5.2/armtools/bin/../lib/gcc/arm-atollic-eabi/5.3.1/../../../../arm-atollic-eabi/lib/armv7-m\libc.a(lib_a-impure.o)
 .data._impure_ptr
                0x20001660        0x4 f:/program files/truestudio for arm 5.5.2/armtools/bin/../lib/gcc/arm-atollic-eabi/5.3.1/../../../../arm-atollic-eabi/lib/armv7-m\libc.a(lib_a-impure.o)
                0x20001660                _impure_ptr
                0x20001664                . = ALIGN (0x4)
                0x20001664                _edata = .

.igot.plt       0x20001664        0x0 load address 0x080053c0
 .igot.plt      0x20001664        0x0 f:/program files/truestudio for arm 5.5.2/armtools/bin/../lib/gcc/arm-atollic-eabi/5.3.1/armv7-m/crtbegin.o
                0x20001664                . = ALIGN (0x4)

.bss            0x20001664      0xcfc load address 0x080053c0
                0x20001664                _sbss = .
                0x20001664                __bss_start__ = _sbss
 *(.bss)
 .bss           0x20001664       0x1c f:/program files/truestudio for arm 5.5.2/armtools/bin/../lib/gcc/arm-atollic-eabi/5.3.1/armv7-m/crtbegin.o
 *(.bss*)
 .bss.mem.8004  0x20001680      0x220 Src\usbd_conf.o
 .bss.servo_deg
                0x200018a0        0x4 Src\main.o
                0x200018a0                servo_deg
 .bss.cfgidx.7939
                0x200018a4        0x1 Middlewares\ST\STM32_USB_Device_Library\Core\Src\usbd_ctlreq.o
 .bss.ifalt.7934
                0x200018a5        0x1 Middlewares\ST\STM32_USB_Device_Library\Class\CDC\Src\usbd_cdc.o
 *fill*         0x200018a6        0x2 
 .bss.uwTick    0x200018a8        0x4 Drivers\STM32F1xx_HAL_Driver\Src\stm32f1xx_hal.o
 .bss.__malloc_top_pad
                0x200018ac        0x4 f:/program files/truestudio for arm 5.5.2/armtools/bin/../lib/gcc/arm-atollic-eabi/5.3.1/../../../../arm-atollic-eabi/lib/armv7-m\libc.a(lib_a-mallocr.o)
                0x200018ac                __malloc_top_pad
 .bss.__malloc_current_mallinfo
                0x200018b0       0x28 f:/program files/truestudio for arm 5.5.2/armtools/bin/../lib/gcc/arm-atollic-eabi/5.3.1/../../../../arm-atollic-eabi/lib/armv7-m\libc.a(lib_a-mallocr.o)
                0x200018b0                __malloc_current_mallinfo
 .bss.heap_end.4167
                0x200018d8        0x4 f:/program files/truestudio for arm 5.5.2/armtools/bin/../lib/gcc/arm-atollic-eabi/5.3.1/../../../../arm-atollic-eabi/lib/armv7-m\libnosys.a(sbrk.o)
 *(COMMON)
 COMMON         0x200018dc      0x200 Src\usbd_desc.o
                0x200018dc                USBD_StrDesc
 COMMON         0x20001adc      0x420 Src\usbd_conf.o
                0x20001adc                hpcd_USB_FS
 COMMON         0x20001efc      0x224 Src\usb_device.o
                0x20001efc                hUsbDeviceFS
 COMMON         0x20002120      0x23c Src\main.o
                0x20002120                htim2
                0x2000215c                temp_buf
 COMMON         0x2000235c        0x4 f:/program files/truestudio for arm 5.5.2/armtools/bin/../lib/gcc/arm-atollic-eabi/5.3.1/../../../../arm-atollic-eabi/lib/armv7-m\libc.a(lib_a-reent.o)
                0x2000235c                errno
                0x20002360                . = ALIGN (0x4)
                0x20002360                _ebss = .
                0x20002360                __bss_end__ = _ebss

._user_heap_stack
                0x20002360      0x600 load address 0x080053c0
                0x20002360                . = ALIGN (0x4)
                0x20002360                PROVIDE (end, .)
                [!provide]                PROVIDE (_end, .)
                0x20002560                . = (. + _Min_Heap_Size)
 *fill*         0x20002360      0x200 
                0x20002960                . = (. + _Min_Stack_Size)
 *fill*         0x20002560      0x400 
                0x20002960                . = ALIGN (0x4)

/DISCARD/
 libc.a(*)
 libm.a(*)
 libgcc.a(*)

.ARM.attributes
                0x00000000       0x29
 *(.ARM.attributes)
 .ARM.attributes
                0x00000000       0x1d f:/program files/truestudio for arm 5.5.2/armtools/bin/../lib/gcc/arm-atollic-eabi/5.3.1/armv7-m/crti.o
 .ARM.attributes
                0x0000001d       0x2d f:/program files/truestudio for arm 5.5.2/armtools/bin/../lib/gcc/arm-atollic-eabi/5.3.1/armv7-m/crtbegin.o
 .ARM.attributes
                0x0000004a       0x33 Src\usbd_desc.o
 .ARM.attributes
                0x0000007d       0x33 Src\usbd_conf.o
 .ARM.attributes
                0x000000b0       0x33 Src\usbd_cdc_if.o
 .ARM.attributes
                0x000000e3       0x33 Src\usb_device.o
 .ARM.attributes
                0x00000116       0x33 Src\stm32f1xx_it.o
 .ARM.attributes
                0x00000149       0x33 Src\stm32f1xx_hal_msp.o
 .ARM.attributes
                0x0000017c       0x33 Src\main.o
 .ARM.attributes
                0x000001af       0x33 Middlewares\ST\STM32_USB_Device_Library\Core\Src\usbd_ioreq.o
 .ARM.attributes
                0x000001e2       0x33 Middlewares\ST\STM32_USB_Device_Library\Core\Src\usbd_ctlreq.o
 .ARM.attributes
                0x00000215       0x33 Middlewares\ST\STM32_USB_Device_Library\Core\Src\usbd_core.o
 .ARM.attributes
                0x00000248       0x33 Middlewares\ST\STM32_USB_Device_Library\Class\CDC\Src\usbd_cdc.o
 .ARM.attributes
                0x0000027b       0x33 Drivers\STM32F1xx_HAL_Driver\Src\stm32f1xx_ll_usb.o
 .ARM.attributes
                0x000002ae       0x33 Drivers\STM32F1xx_HAL_Driver\Src\stm32f1xx_hal_tim_ex.o
 .ARM.attributes
                0x000002e1       0x33 Drivers\STM32F1xx_HAL_Driver\Src\stm32f1xx_hal_tim.o
 .ARM.attributes
                0x00000314       0x33 Drivers\STM32F1xx_HAL_Driver\Src\stm32f1xx_hal_rcc_ex.o
 .ARM.attributes
                0x00000347       0x33 Drivers\STM32F1xx_HAL_Driver\Src\stm32f1xx_hal_rcc.o
 .ARM.attributes
                0x0000037a       0x33 Drivers\STM32F1xx_HAL_Driver\Src\stm32f1xx_hal_pcd_ex.o
 .ARM.attributes
                0x000003ad       0x33 Drivers\STM32F1xx_HAL_Driver\Src\stm32f1xx_hal_pcd.o
 .ARM.attributes
                0x000003e0       0x33 Drivers\STM32F1xx_HAL_Driver\Src\stm32f1xx_hal_gpio.o
 .ARM.attributes
                0x00000413       0x33 Drivers\STM32F1xx_HAL_Driver\Src\stm32f1xx_hal_cortex.o
 .ARM.attributes
                0x00000446       0x33 Drivers\STM32F1xx_HAL_Driver\Src\stm32f1xx_hal.o
 .ARM.attributes
                0x00000479       0x33 Drivers\CMSIS\Device\ST\STM32F1xx\Source\Templates\system_stm32f1xx.o
 .ARM.attributes
                0x000004ac       0x21 Drivers\CMSIS\Device\ST\STM32F1xx\Source\Templates\gcc\startup_stm32f103xb.o
 .ARM.attributes
                0x000004cd       0x2d f:/program files/truestudio for arm 5.5.2/armtools/bin/../lib/gcc/arm-atollic-eabi/5.3.1/../../../../arm-atollic-eabi/lib/armv7-m\libc.a(lib_a-atoi.o)
 .ARM.attributes
                0x000004fa       0x2d f:/program files/truestudio for arm 5.5.2/armtools/bin/../lib/gcc/arm-atollic-eabi/5.3.1/../../../../arm-atollic-eabi/lib/armv7-m\libc.a(lib_a-init.o)
 .ARM.attributes
                0x00000527       0x2d f:/program files/truestudio for arm 5.5.2/armtools/bin/../lib/gcc/arm-atollic-eabi/5.3.1/../../../../arm-atollic-eabi/lib/armv7-m\libc.a(lib_a-malloc.o)
 .ARM.attributes
                0x00000554       0x2d f:/program files/truestudio for arm 5.5.2/armtools/bin/../lib/gcc/arm-atollic-eabi/5.3.1/../../../../arm-atollic-eabi/lib/armv7-m\libc.a(lib_a-mallocr.o)
 .ARM.attributes
                0x00000581       0x2d f:/program files/truestudio for arm 5.5.2/armtools/bin/../lib/gcc/arm-atollic-eabi/5.3.1/../../../../arm-atollic-eabi/lib/armv7-m\libc.a(lib_a-mlock.o)
 .ARM.attributes
                0x000005ae       0x2d f:/program files/truestudio for arm 5.5.2/armtools/bin/../lib/gcc/arm-atollic-eabi/5.3.1/../../../../arm-atollic-eabi/lib/armv7-m\libc.a(lib_a-sbrkr.o)
 .ARM.attributes
                0x000005db       0x2d f:/program files/truestudio for arm 5.5.2/armtools/bin/../lib/gcc/arm-atollic-eabi/5.3.1/../../../../arm-atollic-eabi/lib/armv7-m\libc.a(lib_a-strtol.o)
 .ARM.attributes
                0x00000608       0x2d f:/program files/truestudio for arm 5.5.2/armtools/bin/../lib/gcc/arm-atollic-eabi/5.3.1/../../../../arm-atollic-eabi/lib/armv7-m\libc.a(lib_a-ctype_.o)
 .ARM.attributes
                0x00000635       0x2d f:/program files/truestudio for arm 5.5.2/armtools/bin/../lib/gcc/arm-atollic-eabi/5.3.1/../../../../arm-atollic-eabi/lib/armv7-m\libc.a(lib_a-freer.o)
 .ARM.attributes
                0x00000662       0x2d f:/program files/truestudio for arm 5.5.2/armtools/bin/../lib/gcc/arm-atollic-eabi/5.3.1/../../../../arm-atollic-eabi/lib/armv7-m\libc.a(lib_a-impure.o)
 .ARM.attributes
                0x0000068f       0x2d f:/program files/truestudio for arm 5.5.2/armtools/bin/../lib/gcc/arm-atollic-eabi/5.3.1/../../../../arm-atollic-eabi/lib/armv7-m\libc.a(lib_a-reent.o)
 .ARM.attributes
                0x000006bc       0x2d f:/program files/truestudio for arm 5.5.2/armtools/bin/../lib/gcc/arm-atollic-eabi/5.3.1/../../../../arm-atollic-eabi/lib/armv7-m\libnosys.a(sbrk.o)
 .ARM.attributes
                0x000006e9       0x1d f:/program files/truestudio for arm 5.5.2/armtools/bin/../lib/gcc/arm-atollic-eabi/5.3.1/armv7-m/crtn.o
OUTPUT(Servo.elf elf32-littlearm)

.debug_info     0x00000000    0x11593
 .debug_info    0x00000000      0x4bf Src\usbd_desc.o
 .debug_info    0x000004bf     0x168c Src\usbd_conf.o
 .debug_info    0x00001b4b      0x859 Src\usbd_cdc_if.o
 .debug_info    0x000023a4      0x612 Src\usb_device.o
 .debug_info    0x000029b6      0xa07 Src\stm32f1xx_it.o
 .debug_info    0x000033bd      0x914 Src\stm32f1xx_hal_msp.o
 .debug_info    0x00003cd1      0xf4e Src\main.o
 .debug_info    0x00004c1f      0x761 Middlewares\ST\STM32_USB_Device_Library\Core\Src\usbd_ioreq.o
 .debug_info    0x00005380      0xdf7 Middlewares\ST\STM32_USB_Device_Library\Core\Src\usbd_ctlreq.o
 .debug_info    0x00006177      0xc3e Middlewares\ST\STM32_USB_Device_Library\Core\Src\usbd_core.o
 .debug_info    0x00006db5      0xd03 Middlewares\ST\STM32_USB_Device_Library\Class\CDC\Src\usbd_cdc.o
 .debug_info    0x00007ab8      0xee9 Drivers\STM32F1xx_HAL_Driver\Src\stm32f1xx_ll_usb.o
 .debug_info    0x000089a1     0x11e2 Drivers\STM32F1xx_HAL_Driver\Src\stm32f1xx_hal_tim_ex.o
 .debug_info    0x00009b83     0x2d86 Drivers\STM32F1xx_HAL_Driver\Src\stm32f1xx_hal_tim.o
 .debug_info    0x0000c909      0x583 Drivers\STM32F1xx_HAL_Driver\Src\stm32f1xx_hal_rcc_ex.o
 .debug_info    0x0000ce8c     0x12a7 Drivers\STM32F1xx_HAL_Driver\Src\stm32f1xx_hal_rcc.o
 .debug_info    0x0000e133      0x5a5 Drivers\STM32F1xx_HAL_Driver\Src\stm32f1xx_hal_pcd_ex.o
 .debug_info    0x0000e6d8     0x1182 Drivers\STM32F1xx_HAL_Driver\Src\stm32f1xx_hal_pcd.o
 .debug_info    0x0000f85a      0x604 Drivers\STM32F1xx_HAL_Driver\Src\stm32f1xx_hal_gpio.o
 .debug_info    0x0000fe5e      0xc2f Drivers\STM32F1xx_HAL_Driver\Src\stm32f1xx_hal_cortex.o
 .debug_info    0x00010a8d      0x695 Drivers\STM32F1xx_HAL_Driver\Src\stm32f1xx_hal.o
 .debug_info    0x00011122      0x3e7 Drivers\CMSIS\Device\ST\STM32F1xx\Source\Templates\system_stm32f1xx.o
 .debug_info    0x00011509       0x8a Drivers\CMSIS\Device\ST\STM32F1xx\Source\Templates\gcc\startup_stm32f103xb.o

.debug_abbrev   0x00000000     0x2b79
 .debug_abbrev  0x00000000      0x164 Src\usbd_desc.o
 .debug_abbrev  0x00000164      0x299 Src\usbd_conf.o
 .debug_abbrev  0x000003fd      0x227 Src\usbd_cdc_if.o
 .debug_abbrev  0x00000624      0x16d Src\usb_device.o
 .debug_abbrev  0x00000791      0x1b0 Src\stm32f1xx_it.o
 .debug_abbrev  0x00000941      0x18c Src\stm32f1xx_hal_msp.o
 .debug_abbrev  0x00000acd      0x259 Src\main.o
 .debug_abbrev  0x00000d26      0x155 Middlewares\ST\STM32_USB_Device_Library\Core\Src\usbd_ioreq.o
 .debug_abbrev  0x00000e7b      0x269 Middlewares\ST\STM32_USB_Device_Library\Core\Src\usbd_ctlreq.o
 .debug_abbrev  0x000010e4      0x1ec Middlewares\ST\STM32_USB_Device_Library\Core\Src\usbd_core.o
 .debug_abbrev  0x000012d0      0x247 Middlewares\ST\STM32_USB_Device_Library\Class\CDC\Src\usbd_cdc.o
 .debug_abbrev  0x00001517      0x1c3 Drivers\STM32F1xx_HAL_Driver\Src\stm32f1xx_ll_usb.o
 .debug_abbrev  0x000016da      0x218 Drivers\STM32F1xx_HAL_Driver\Src\stm32f1xx_hal_tim_ex.o
 .debug_abbrev  0x000018f2      0x227 Drivers\STM32F1xx_HAL_Driver\Src\stm32f1xx_hal_tim.o
 .debug_abbrev  0x00001b19      0x214 Drivers\STM32F1xx_HAL_Driver\Src\stm32f1xx_hal_rcc_ex.o
 .debug_abbrev  0x00001d2d      0x284 Drivers\STM32F1xx_HAL_Driver\Src\stm32f1xx_hal_rcc.o
 .debug_abbrev  0x00001fb1      0x16b Drivers\STM32F1xx_HAL_Driver\Src\stm32f1xx_hal_pcd_ex.o
 .debug_abbrev  0x0000211c      0x289 Drivers\STM32F1xx_HAL_Driver\Src\stm32f1xx_hal_pcd.o
 .debug_abbrev  0x000023a5      0x1ca Drivers\STM32F1xx_HAL_Driver\Src\stm32f1xx_hal_gpio.o
 .debug_abbrev  0x0000256f      0x2ba Drivers\STM32F1xx_HAL_Driver\Src\stm32f1xx_hal_cortex.o
 .debug_abbrev  0x00002829      0x21c Drivers\STM32F1xx_HAL_Driver\Src\stm32f1xx_hal.o
 .debug_abbrev  0x00002a45      0x122 Drivers\CMSIS\Device\ST\STM32F1xx\Source\Templates\system_stm32f1xx.o
 .debug_abbrev  0x00002b67       0x12 Drivers\CMSIS\Device\ST\STM32F1xx\Source\Templates\gcc\startup_stm32f103xb.o

.debug_loc      0x00000000     0x8e9c
 .debug_loc     0x00000000      0x2b7 Src\usbd_desc.o
 .debug_loc     0x000002b7      0x6d0 Src\usbd_conf.o
 .debug_loc     0x00000987      0x11f Src\usbd_cdc_if.o
 .debug_loc     0x00000aa6       0x4d Src\stm32f1xx_hal_msp.o
 .debug_loc     0x00000af3       0x84 Src\main.o
 .debug_loc     0x00000b77      0x23c Middlewares\ST\STM32_USB_Device_Library\Core\Src\usbd_ioreq.o
 .debug_loc     0x00000db3      0xb12 Middlewares\ST\STM32_USB_Device_Library\Core\Src\usbd_ctlreq.o
 .debug_loc     0x000018c5      0x629 Middlewares\ST\STM32_USB_Device_Library\Core\Src\usbd_core.o
 .debug_loc     0x00001eee      0x4b1 Middlewares\ST\STM32_USB_Device_Library\Class\CDC\Src\usbd_cdc.o
 .debug_loc     0x0000239f      0xb8a Drivers\STM32F1xx_HAL_Driver\Src\stm32f1xx_ll_usb.o
 .debug_loc     0x00002f29      0xbdb Drivers\STM32F1xx_HAL_Driver\Src\stm32f1xx_hal_tim_ex.o
 .debug_loc     0x00003b04     0x32a5 Drivers\STM32F1xx_HAL_Driver\Src\stm32f1xx_hal_tim.o
 .debug_loc     0x00006da9      0x347 Drivers\STM32F1xx_HAL_Driver\Src\stm32f1xx_hal_rcc_ex.o
 .debug_loc     0x000070f0      0x8e9 Drivers\STM32F1xx_HAL_Driver\Src\stm32f1xx_hal_rcc.o
 .debug_loc     0x000079d9       0xd3 Drivers\STM32F1xx_HAL_Driver\Src\stm32f1xx_hal_pcd_ex.o
 .debug_loc     0x00007aac      0x9f2 Drivers\STM32F1xx_HAL_Driver\Src\stm32f1xx_hal_pcd.o
 .debug_loc     0x0000849e      0x377 Drivers\STM32F1xx_HAL_Driver\Src\stm32f1xx_hal_gpio.o
 .debug_loc     0x00008815      0x527 Drivers\STM32F1xx_HAL_Driver\Src\stm32f1xx_hal_cortex.o
 .debug_loc     0x00008d3c       0x81 Drivers\STM32F1xx_HAL_Driver\Src\stm32f1xx_hal.o
 .debug_loc     0x00008dbd       0xdf Drivers\CMSIS\Device\ST\STM32F1xx\Source\Templates\system_stm32f1xx.o

.debug_aranges  0x00000000      0xe60
 .debug_aranges
                0x00000000       0x50 Src\usbd_desc.o
 .debug_aranges
                0x00000050      0x110 Src\usbd_conf.o
 .debug_aranges
                0x00000160       0x40 Src\usbd_cdc_if.o
 .debug_aranges
                0x000001a0       0x20 Src\usb_device.o
 .debug_aranges
                0x000001c0       0x70 Src\stm32f1xx_it.o
 .debug_aranges
                0x00000230       0x30 Src\stm32f1xx_hal_msp.o
 .debug_aranges
                0x00000260       0x58 Src\main.o
 .debug_aranges
                0x000002b8       0x50 Middlewares\ST\STM32_USB_Device_Library\Core\Src\usbd_ioreq.o
 .debug_aranges
                0x00000308       0x88 Middlewares\ST\STM32_USB_Device_Library\Core\Src\usbd_ctlreq.o
 .debug_aranges
                0x00000390       0xb8 Middlewares\ST\STM32_USB_Device_Library\Core\Src\usbd_core.o
 .debug_aranges
                0x00000448       0x90 Middlewares\ST\STM32_USB_Device_Library\Class\CDC\Src\usbd_cdc.o
 .debug_aranges
                0x000004d8      0x100 Drivers\STM32F1xx_HAL_Driver\Src\stm32f1xx_ll_usb.o
 .debug_aranges
                0x000005d8      0x138 Drivers\STM32F1xx_HAL_Driver\Src\stm32f1xx_hal_tim_ex.o
 .debug_aranges
                0x00000710      0x368 Drivers\STM32F1xx_HAL_Driver\Src\stm32f1xx_hal_tim.o
 .debug_aranges
                0x00000a78       0x30 Drivers\STM32F1xx_HAL_Driver\Src\stm32f1xx_hal_rcc_ex.o
 .debug_aranges
                0x00000aa8       0x88 Drivers\STM32F1xx_HAL_Driver\Src\stm32f1xx_hal_rcc.o
 .debug_aranges
                0x00000b30       0x28 Drivers\STM32F1xx_HAL_Driver\Src\stm32f1xx_hal_pcd_ex.o
 .debug_aranges
                0x00000b58      0x120 Drivers\STM32F1xx_HAL_Driver\Src\stm32f1xx_hal_pcd.o
 .debug_aranges
                0x00000c78       0x58 Drivers\STM32F1xx_HAL_Driver\Src\stm32f1xx_hal_gpio.o
 .debug_aranges
                0x00000cd0       0x90 Drivers\STM32F1xx_HAL_Driver\Src\stm32f1xx_hal_cortex.o
 .debug_aranges
                0x00000d60       0xb0 Drivers\STM32F1xx_HAL_Driver\Src\stm32f1xx_hal.o
 .debug_aranges
                0x00000e10       0x28 Drivers\CMSIS\Device\ST\STM32F1xx\Source\Templates\system_stm32f1xx.o
 .debug_aranges
                0x00000e38       0x28 Drivers\CMSIS\Device\ST\STM32F1xx\Source\Templates\gcc\startup_stm32f103xb.o

.debug_ranges   0x00000000      0xcf8
 .debug_ranges  0x00000000       0x40 Src\usbd_desc.o
 .debug_ranges  0x00000040      0x100 Src\usbd_conf.o
 .debug_ranges  0x00000140       0x30 Src\usbd_cdc_if.o
 .debug_ranges  0x00000170       0x10 Src\usb_device.o
 .debug_ranges  0x00000180       0x60 Src\stm32f1xx_it.o
 .debug_ranges  0x000001e0       0x20 Src\stm32f1xx_hal_msp.o
 .debug_ranges  0x00000200       0x48 Src\main.o
 .debug_ranges  0x00000248       0x40 Middlewares\ST\STM32_USB_Device_Library\Core\Src\usbd_ioreq.o
 .debug_ranges  0x00000288       0x78 Middlewares\ST\STM32_USB_Device_Library\Core\Src\usbd_ctlreq.o
 .debug_ranges  0x00000300       0xa8 Middlewares\ST\STM32_USB_Device_Library\Core\Src\usbd_core.o
 .debug_ranges  0x000003a8       0x80 Middlewares\ST\STM32_USB_Device_Library\Class\CDC\Src\usbd_cdc.o
 .debug_ranges  0x00000428       0xf0 Drivers\STM32F1xx_HAL_Driver\Src\stm32f1xx_ll_usb.o
 .debug_ranges  0x00000518      0x128 Drivers\STM32F1xx_HAL_Driver\Src\stm32f1xx_hal_tim_ex.o
 .debug_ranges  0x00000640      0x358 Drivers\STM32F1xx_HAL_Driver\Src\stm32f1xx_hal_tim.o
 .debug_ranges  0x00000998       0x20 Drivers\STM32F1xx_HAL_Driver\Src\stm32f1xx_hal_rcc_ex.o
 .debug_ranges  0x000009b8       0x78 Drivers\STM32F1xx_HAL_Driver\Src\stm32f1xx_hal_rcc.o
 .debug_ranges  0x00000a30       0x18 Drivers\STM32F1xx_HAL_Driver\Src\stm32f1xx_hal_pcd_ex.o
 .debug_ranges  0x00000a48      0x110 Drivers\STM32F1xx_HAL_Driver\Src\stm32f1xx_hal_pcd.o
 .debug_ranges  0x00000b58       0x48 Drivers\STM32F1xx_HAL_Driver\Src\stm32f1xx_hal_gpio.o
 .debug_ranges  0x00000ba0       0x80 Drivers\STM32F1xx_HAL_Driver\Src\stm32f1xx_hal_cortex.o
 .debug_ranges  0x00000c20       0xa0 Drivers\STM32F1xx_HAL_Driver\Src\stm32f1xx_hal.o
 .debug_ranges  0x00000cc0       0x18 Drivers\CMSIS\Device\ST\STM32F1xx\Source\Templates\system_stm32f1xx.o
 .debug_ranges  0x00000cd8       0x20 Drivers\CMSIS\Device\ST\STM32F1xx\Source\Templates\gcc\startup_stm32f103xb.o

.debug_line     0x00000000     0x5e42
 .debug_line    0x00000000      0x1f8 Src\usbd_desc.o
 .debug_line    0x000001f8      0x4fd Src\usbd_conf.o
 .debug_line    0x000006f5      0x20c Src\usbd_cdc_if.o
 .debug_line    0x00000901      0x1f2 Src\usb_device.o
 .debug_line    0x00000af3      0x2d7 Src\stm32f1xx_it.o
 .debug_line    0x00000dca      0x22b Src\stm32f1xx_hal_msp.o
 .debug_line    0x00000ff5      0x392 Src\main.o
 .debug_line    0x00001387      0x224 Middlewares\ST\STM32_USB_Device_Library\Core\Src\usbd_ioreq.o
 .debug_line    0x000015ab      0x385 Middlewares\ST\STM32_USB_Device_Library\Core\Src\usbd_ctlreq.o
 .debug_line    0x00001930      0x398 Middlewares\ST\STM32_USB_Device_Library\Core\Src\usbd_core.o
 .debug_line    0x00001cc8      0x380 Middlewares\ST\STM32_USB_Device_Library\Class\CDC\Src\usbd_cdc.o
 .debug_line    0x00002048      0x5f5 Drivers\STM32F1xx_HAL_Driver\Src\stm32f1xx_ll_usb.o
 .debug_line    0x0000263d      0x7b3 Drivers\STM32F1xx_HAL_Driver\Src\stm32f1xx_hal_tim_ex.o
 .debug_line    0x00002df0     0x10a0 Drivers\STM32F1xx_HAL_Driver\Src\stm32f1xx_hal_tim.o
 .debug_line    0x00003e90      0x330 Drivers\STM32F1xx_HAL_Driver\Src\stm32f1xx_hal_rcc_ex.o
 .debug_line    0x000041c0      0x720 Drivers\STM32F1xx_HAL_Driver\Src\stm32f1xx_hal_rcc.o
 .debug_line    0x000048e0      0x217 Drivers\STM32F1xx_HAL_Driver\Src\stm32f1xx_hal_pcd_ex.o
 .debug_line    0x00004af7      0x6c7 Drivers\STM32F1xx_HAL_Driver\Src\stm32f1xx_hal_pcd.o
 .debug_line    0x000051be      0x36a Drivers\STM32F1xx_HAL_Driver\Src\stm32f1xx_hal_gpio.o
 .debug_line    0x00005528      0x32d Drivers\STM32F1xx_HAL_Driver\Src\stm32f1xx_hal_cortex.o
 .debug_line    0x00005855      0x35d Drivers\STM32F1xx_HAL_Driver\Src\stm32f1xx_hal.o
 .debug_line    0x00005bb2      0x1e4 Drivers\CMSIS\Device\ST\STM32F1xx\Source\Templates\system_stm32f1xx.o
 .debug_line    0x00005d96       0xac Drivers\CMSIS\Device\ST\STM32F1xx\Source\Templates\gcc\startup_stm32f103xb.o

.debug_str      0x00000000     0x3da4
 .debug_str     0x00000000      0x36b Src\usbd_desc.o
                                0x3ca (size before relaxing)
 .debug_str     0x0000036b      0xd8f Src\usbd_conf.o
                               0x10d7 (size before relaxing)
 .debug_str     0x000010fa      0x1b4 Src\usbd_cdc_if.o
                                0x724 (size before relaxing)
 .debug_str     0x000012ae       0x73 Src\usb_device.o
                                0x603 (size before relaxing)
 .debug_str     0x00001321      0x43b Src\stm32f1xx_it.o
                                0x8f6 (size before relaxing)
 .debug_str     0x0000175c       0x9e Src\stm32f1xx_hal_msp.o
                                0x90b (size before relaxing)
 .debug_str     0x000017fa      0x44a Src\main.o
                                0xd58 (size before relaxing)
 .debug_str     0x00001c44       0xc9 Middlewares\ST\STM32_USB_Device_Library\Core\Src\usbd_ioreq.o
                                0x66a (size before relaxing)
 .debug_str     0x00001d0d      0x14c Middlewares\ST\STM32_USB_Device_Library\Core\Src\usbd_ctlreq.o
                                0x73d (size before relaxing)
 .debug_str     0x00001e59       0x7b Middlewares\ST\STM32_USB_Device_Library\Core\Src\usbd_core.o
                                0x823 (size before relaxing)
 .debug_str     0x00001ed4      0x186 Middlewares\ST\STM32_USB_Device_Library\Class\CDC\Src\usbd_cdc.o
                                0x8a9 (size before relaxing)
 .debug_str     0x0000205a      0x35d Drivers\STM32F1xx_HAL_Driver\Src\stm32f1xx_ll_usb.o
                                0x70f (size before relaxing)
 .debug_str     0x000023b7      0x5be Drivers\STM32F1xx_HAL_Driver\Src\stm32f1xx_hal_tim_ex.o
                                0xbaa (size before relaxing)
 .debug_str     0x00002975      0xb0d Drivers\STM32F1xx_HAL_Driver\Src\stm32f1xx_hal_tim.o
                               0x1310 (size before relaxing)
 .debug_str     0x00003482      0x111 Drivers\STM32F1xx_HAL_Driver\Src\stm32f1xx_hal_rcc_ex.o
                                0x3cd (size before relaxing)
 .debug_str     0x00003593      0x1a4 Drivers\STM32F1xx_HAL_Driver\Src\stm32f1xx_hal_rcc.o
                                0x602 (size before relaxing)
 .debug_str     0x00003737       0x43 Drivers\STM32F1xx_HAL_Driver\Src\stm32f1xx_hal_pcd_ex.o
                                0x53c (size before relaxing)
 .debug_str     0x0000377a       0xeb Drivers\STM32F1xx_HAL_Driver\Src\stm32f1xx_hal_pcd.o
                                0xa21 (size before relaxing)
 .debug_str     0x00003865      0x12a Drivers\STM32F1xx_HAL_Driver\Src\stm32f1xx_hal_gpio.o
                                0x405 (size before relaxing)
 .debug_str     0x0000398f      0x21e Drivers\STM32F1xx_HAL_Driver\Src\stm32f1xx_hal_cortex.o
                                0x8aa (size before relaxing)
 .debug_str     0x00003bad      0x17b Drivers\STM32F1xx_HAL_Driver\Src\stm32f1xx_hal.o
                                0x74c (size before relaxing)
 .debug_str     0x00003d28       0x7c Drivers\CMSIS\Device\ST\STM32F1xx\Source\Templates\system_stm32f1xx.o
                                0x2db (size before relaxing)

.comment        0x00000000       0x7e
 .comment       0x00000000       0x7e Src\usbd_desc.o
                                 0x7f (size before relaxing)
 .comment       0x0000007e       0x7f Src\usbd_conf.o
 .comment       0x0000007e       0x7f Src\usbd_cdc_if.o
 .comment       0x0000007e       0x7f Src\usb_device.o
 .comment       0x0000007e       0x7f Src\stm32f1xx_it.o
 .comment       0x0000007e       0x7f Src\stm32f1xx_hal_msp.o
 .comment       0x0000007e       0x7f Src\main.o
 .comment       0x0000007e       0x7f Middlewares\ST\STM32_USB_Device_Library\Core\Src\usbd_ioreq.o
 .comment       0x0000007e       0x7f Middlewares\ST\STM32_USB_Device_Library\Core\Src\usbd_ctlreq.o
 .comment       0x0000007e       0x7f Middlewares\ST\STM32_USB_Device_Library\Core\Src\usbd_core.o
 .comment       0x0000007e       0x7f Middlewares\ST\STM32_USB_Device_Library\Class\CDC\Src\usbd_cdc.o
 .comment       0x0000007e       0x7f Drivers\STM32F1xx_HAL_Driver\Src\stm32f1xx_ll_usb.o
 .comment       0x0000007e       0x7f Drivers\STM32F1xx_HAL_Driver\Src\stm32f1xx_hal_tim_ex.o
 .comment       0x0000007e       0x7f Drivers\STM32F1xx_HAL_Driver\Src\stm32f1xx_hal_tim.o
 .comment       0x0000007e       0x7f Drivers\STM32F1xx_HAL_Driver\Src\stm32f1xx_hal_rcc_ex.o
 .comment       0x0000007e       0x7f Drivers\STM32F1xx_HAL_Driver\Src\stm32f1xx_hal_rcc.o
 .comment       0x0000007e       0x7f Drivers\STM32F1xx_HAL_Driver\Src\stm32f1xx_hal_pcd_ex.o
 .comment       0x0000007e       0x7f Drivers\STM32F1xx_HAL_Driver\Src\stm32f1xx_hal_pcd.o
 .comment       0x0000007e       0x7f Drivers\STM32F1xx_HAL_Driver\Src\stm32f1xx_hal_gpio.o
 .comment       0x0000007e       0x7f Drivers\STM32F1xx_HAL_Driver\Src\stm32f1xx_hal_cortex.o
 .comment       0x0000007e       0x7f Drivers\STM32F1xx_HAL_Driver\Src\stm32f1xx_hal.o
 .comment       0x0000007e       0x7f Drivers\CMSIS\Device\ST\STM32F1xx\Source\Templates\system_stm32f1xx.o

.debug_frame    0x00000000     0x2620
 .debug_frame   0x00000000       0xa8 Src\usbd_desc.o
 .debug_frame   0x000000a8      0x2e8 Src\usbd_conf.o
 .debug_frame   0x00000390       0x7c Src\usbd_cdc_if.o
 .debug_frame   0x0000040c       0x28 Src\usb_device.o
 .debug_frame   0x00000434       0xd8 Src\stm32f1xx_it.o
 .debug_frame   0x0000050c       0x64 Src\stm32f1xx_hal_msp.o
 .debug_frame   0x00000570       0xf0 Src\main.o
 .debug_frame   0x00000660       0xb8 Middlewares\ST\STM32_USB_Device_Library\Core\Src\usbd_ioreq.o
 .debug_frame   0x00000718      0x178 Middlewares\ST\STM32_USB_Device_Library\Core\Src\usbd_ctlreq.o
 .debug_frame   0x00000890      0x1bc Middlewares\ST\STM32_USB_Device_Library\Core\Src\usbd_core.o
 .debug_frame   0x00000a4c      0x154 Middlewares\ST\STM32_USB_Device_Library\Class\CDC\Src\usbd_cdc.o
 .debug_frame   0x00000ba0      0x228 Drivers\STM32F1xx_HAL_Driver\Src\stm32f1xx_ll_usb.o
 .debug_frame   0x00000dc8      0x3b8 Drivers\STM32F1xx_HAL_Driver\Src\stm32f1xx_hal_tim_ex.o
 .debug_frame   0x00001180      0x9cc Drivers\STM32F1xx_HAL_Driver\Src\stm32f1xx_hal_tim.o
 .debug_frame   0x00001b4c       0x68 Drivers\STM32F1xx_HAL_Driver\Src\stm32f1xx_hal_rcc_ex.o
 .debug_frame   0x00001bb4      0x158 Drivers\STM32F1xx_HAL_Driver\Src\stm32f1xx_hal_rcc.o
 .debug_frame   0x00001d0c       0x3c Drivers\STM32F1xx_HAL_Driver\Src\stm32f1xx_hal_pcd_ex.o
 .debug_frame   0x00001d48      0x310 Drivers\STM32F1xx_HAL_Driver\Src\stm32f1xx_hal_pcd.o
 .debug_frame   0x00002058       0xc4 Drivers\STM32F1xx_HAL_Driver\Src\stm32f1xx_hal_gpio.o
 .debug_frame   0x0000211c      0x124 Drivers\STM32F1xx_HAL_Driver\Src\stm32f1xx_hal_cortex.o
 .debug_frame   0x00002240      0x168 Drivers\STM32F1xx_HAL_Driver\Src\stm32f1xx_hal.o
 .debug_frame   0x000023a8       0x30 Drivers\CMSIS\Device\ST\STM32F1xx\Source\Templates\system_stm32f1xx.o
 .debug_frame   0x000023d8       0x30 f:/program files/truestudio for arm 5.5.2/armtools/bin/../lib/gcc/arm-atollic-eabi/5.3.1/../../../../arm-atollic-eabi/lib/armv7-m\libc.a(lib_a-atoi.o)
 .debug_frame   0x00002408       0x2c f:/program files/truestudio for arm 5.5.2/armtools/bin/../lib/gcc/arm-atollic-eabi/5.3.1/../../../../arm-atollic-eabi/lib/armv7-m\libc.a(lib_a-init.o)
 .debug_frame   0x00002434       0x30 f:/program files/truestudio for arm 5.5.2/armtools/bin/../lib/gcc/arm-atollic-eabi/5.3.1/../../../../arm-atollic-eabi/lib/armv7-m\libc.a(lib_a-malloc.o)
 .debug_frame   0x00002464       0x40 f:/program files/truestudio for arm 5.5.2/armtools/bin/../lib/gcc/arm-atollic-eabi/5.3.1/../../../../arm-atollic-eabi/lib/armv7-m\libc.a(lib_a-mallocr.o)
 .debug_frame   0x000024a4       0x30 f:/program files/truestudio for arm 5.5.2/armtools/bin/../lib/gcc/arm-atollic-eabi/5.3.1/../../../../arm-atollic-eabi/lib/armv7-m\libc.a(lib_a-mlock.o)
 .debug_frame   0x000024d4       0x2c f:/program files/truestudio for arm 5.5.2/armtools/bin/../lib/gcc/arm-atollic-eabi/5.3.1/../../../../arm-atollic-eabi/lib/armv7-m\libc.a(lib_a-sbrkr.o)
 .debug_frame   0x00002500       0x44 f:/program files/truestudio for arm 5.5.2/armtools/bin/../lib/gcc/arm-atollic-eabi/5.3.1/../../../../arm-atollic-eabi/lib/armv7-m\libc.a(lib_a-strtol.o)
 .debug_frame   0x00002544       0x60 f:/program files/truestudio for arm 5.5.2/armtools/bin/../lib/gcc/arm-atollic-eabi/5.3.1/../../../../arm-atollic-eabi/lib/armv7-m\libc.a(lib_a-freer.o)
 .debug_frame   0x000025a4       0x5c f:/program files/truestudio for arm 5.5.2/armtools/bin/../lib/gcc/arm-atollic-eabi/5.3.1/../../../../arm-atollic-eabi/lib/armv7-m\libc.a(lib_a-reent.o)
 .debug_frame   0x00002600       0x20 f:/program files/truestudio for arm 5.5.2/armtools/bin/../lib/gcc/arm-atollic-eabi/5.3.1/../../../../arm-atollic-eabi/lib/armv7-m\libnosys.a(sbrk.o)

Cross Reference Table

Symbol                                            File
ADC1_2_IRQHandler                                 Drivers\CMSIS\Device\ST\STM32F1xx\Source\Templates\gcc\startup_stm32f103xb.o
AHBPrescTable                                     Drivers\CMSIS\Device\ST\STM32F1xx\Source\Templates\system_stm32f1xx.o
                                                  Drivers\STM32F1xx_HAL_Driver\Src\stm32f1xx_hal_rcc.o
APBPrescTable                                     Drivers\CMSIS\Device\ST\STM32F1xx\Source\Templates\system_stm32f1xx.o
                                                  Drivers\STM32F1xx_HAL_Driver\Src\stm32f1xx_hal_rcc.o
BusFault_Handler                                  Src\stm32f1xx_it.o
CAN1_RX1_IRQHandler                               Drivers\CMSIS\Device\ST\STM32F1xx\Source\Templates\gcc\startup_stm32f103xb.o
CAN1_SCE_IRQHandler                               Drivers\CMSIS\Device\ST\STM32F1xx\Source\Templates\gcc\startup_stm32f103xb.o
CDC_Transmit_FS                                   Src\usbd_cdc_if.o
                                                  Src\main.o
DMA1_Channel1_IRQHandler                          Drivers\CMSIS\Device\ST\STM32F1xx\Source\Templates\gcc\startup_stm32f103xb.o
DMA1_Channel2_IRQHandler                          Drivers\CMSIS\Device\ST\STM32F1xx\Source\Templates\gcc\startup_stm32f103xb.o
DMA1_Channel3_IRQHandler                          Drivers\CMSIS\Device\ST\STM32F1xx\Source\Templates\gcc\startup_stm32f103xb.o
DMA1_Channel4_IRQHandler                          Drivers\CMSIS\Device\ST\STM32F1xx\Source\Templates\gcc\startup_stm32f103xb.o
DMA1_Channel5_IRQHandler                          Drivers\CMSIS\Device\ST\STM32F1xx\Source\Templates\gcc\startup_stm32f103xb.o
DMA1_Channel6_IRQHandler                          Drivers\CMSIS\Device\ST\STM32F1xx\Source\Templates\gcc\startup_stm32f103xb.o
DMA1_Channel7_IRQHandler                          Drivers\CMSIS\Device\ST\STM32F1xx\Source\Templates\gcc\startup_stm32f103xb.o
DebugMon_Handler                                  Src\stm32f1xx_it.o
Default_Handler                                   Drivers\CMSIS\Device\ST\STM32F1xx\Source\Templates\gcc\startup_stm32f103xb.o
EXTI0_IRQHandler                                  Drivers\CMSIS\Device\ST\STM32F1xx\Source\Templates\gcc\startup_stm32f103xb.o
EXTI15_10_IRQHandler                              Drivers\CMSIS\Device\ST\STM32F1xx\Source\Templates\gcc\startup_stm32f103xb.o
EXTI1_IRQHandler                                  Drivers\CMSIS\Device\ST\STM32F1xx\Source\Templates\gcc\startup_stm32f103xb.o
EXTI2_IRQHandler                                  Drivers\CMSIS\Device\ST\STM32F1xx\Source\Templates\gcc\startup_stm32f103xb.o
EXTI3_IRQHandler                                  Drivers\CMSIS\Device\ST\STM32F1xx\Source\Templates\gcc\startup_stm32f103xb.o
EXTI4_IRQHandler                                  Drivers\CMSIS\Device\ST\STM32F1xx\Source\Templates\gcc\startup_stm32f103xb.o
EXTI9_5_IRQHandler                                Drivers\CMSIS\Device\ST\STM32F1xx\Source\Templates\gcc\startup_stm32f103xb.o
Error_Handler                                     Src\main.o
                                                  Src\usbd_conf.o
FLASH_IRQHandler                                  Drivers\CMSIS\Device\ST\STM32F1xx\Source\Templates\gcc\startup_stm32f103xb.o
FLASH_PageErase                                   Drivers\STM32F1xx_HAL_Driver\Src\stm32f1xx_hal_flash_ex.o
                                                  Drivers\STM32F1xx_HAL_Driver\Src\stm32f1xx_hal_flash.o
FLASH_WaitForLastOperation                        Drivers\STM32F1xx_HAL_Driver\Src\stm32f1xx_hal_flash.o
                                                  Drivers\STM32F1xx_HAL_Driver\Src\stm32f1xx_hal_flash_ex.o
FS_Desc                                           Src\usbd_desc.o
                                                  Src\usb_device.o
HAL_DBGMCU_DisableDBGSleepMode                    Drivers\STM32F1xx_HAL_Driver\Src\stm32f1xx_hal.o
HAL_DBGMCU_DisableDBGStandbyMode                  Drivers\STM32F1xx_HAL_Driver\Src\stm32f1xx_hal.o
HAL_DBGMCU_DisableDBGStopMode                     Drivers\STM32F1xx_HAL_Driver\Src\stm32f1xx_hal.o
HAL_DBGMCU_EnableDBGSleepMode                     Drivers\STM32F1xx_HAL_Driver\Src\stm32f1xx_hal.o
HAL_DBGMCU_EnableDBGStandbyMode                   Drivers\STM32F1xx_HAL_Driver\Src\stm32f1xx_hal.o
HAL_DBGMCU_EnableDBGStopMode                      Drivers\STM32F1xx_HAL_Driver\Src\stm32f1xx_hal.o
HAL_DMA_Abort                                     Drivers\STM32F1xx_HAL_Driver\Src\stm32f1xx_hal_dma.o
                                                  Drivers\STM32F1xx_HAL_Driver\Src\stm32f1xx_hal_tim.o
HAL_DMA_DeInit                                    Drivers\STM32F1xx_HAL_Driver\Src\stm32f1xx_hal_dma.o
HAL_DMA_GetError                                  Drivers\STM32F1xx_HAL_Driver\Src\stm32f1xx_hal_dma.o
HAL_DMA_GetState                                  Drivers\STM32F1xx_HAL_Driver\Src\stm32f1xx_hal_dma.o
HAL_DMA_IRQHandler                                Drivers\STM32F1xx_HAL_Driver\Src\stm32f1xx_hal_dma.o
HAL_DMA_Init                                      Drivers\STM32F1xx_HAL_Driver\Src\stm32f1xx_hal_dma.o
HAL_DMA_PollForTransfer                           Drivers\STM32F1xx_HAL_Driver\Src\stm32f1xx_hal_dma.o
HAL_DMA_Start                                     Drivers\STM32F1xx_HAL_Driver\Src\stm32f1xx_hal_dma.o
HAL_DMA_Start_IT                                  Drivers\STM32F1xx_HAL_Driver\Src\stm32f1xx_hal_dma.o
                                                  Drivers\STM32F1xx_HAL_Driver\Src\stm32f1xx_hal_tim.o
                                                  Drivers\STM32F1xx_HAL_Driver\Src\stm32f1xx_hal_tim_ex.o
HAL_DeInit                                        Drivers\STM32F1xx_HAL_Driver\Src\stm32f1xx_hal.o
HAL_Delay                                         Drivers\STM32F1xx_HAL_Driver\Src\stm32f1xx_hal.o
                                                  Drivers\STM32F1xx_HAL_Driver\Src\stm32f1xx_hal_rcc.o
                                                  Src\usbd_conf.o
HAL_FLASHEx_Erase                                 Drivers\STM32F1xx_HAL_Driver\Src\stm32f1xx_hal_flash_ex.o
HAL_FLASHEx_Erase_IT                              Drivers\STM32F1xx_HAL_Driver\Src\stm32f1xx_hal_flash_ex.o
HAL_FLASHEx_OBErase                               Drivers\STM32F1xx_HAL_Driver\Src\stm32f1xx_hal_flash_ex.o
HAL_FLASHEx_OBGetConfig                           Drivers\STM32F1xx_HAL_Driver\Src\stm32f1xx_hal_flash_ex.o
HAL_FLASHEx_OBGetUserData                         Drivers\STM32F1xx_HAL_Driver\Src\stm32f1xx_hal_flash_ex.o
HAL_FLASHEx_OBProgram                             Drivers\STM32F1xx_HAL_Driver\Src\stm32f1xx_hal_flash_ex.o
HAL_FLASH_EndOfOperationCallback                  Drivers\STM32F1xx_HAL_Driver\Src\stm32f1xx_hal_flash.o
HAL_FLASH_GetError                                Drivers\STM32F1xx_HAL_Driver\Src\stm32f1xx_hal_flash.o
HAL_FLASH_IRQHandler                              Drivers\STM32F1xx_HAL_Driver\Src\stm32f1xx_hal_flash.o
HAL_FLASH_Lock                                    Drivers\STM32F1xx_HAL_Driver\Src\stm32f1xx_hal_flash.o
HAL_FLASH_OB_Launch                               Drivers\STM32F1xx_HAL_Driver\Src\stm32f1xx_hal_flash.o
HAL_FLASH_OB_Lock                                 Drivers\STM32F1xx_HAL_Driver\Src\stm32f1xx_hal_flash.o
HAL_FLASH_OB_Unlock                               Drivers\STM32F1xx_HAL_Driver\Src\stm32f1xx_hal_flash.o
HAL_FLASH_OperationErrorCallback                  Drivers\STM32F1xx_HAL_Driver\Src\stm32f1xx_hal_flash.o
HAL_FLASH_Program                                 Drivers\STM32F1xx_HAL_Driver\Src\stm32f1xx_hal_flash.o
HAL_FLASH_Program_IT                              Drivers\STM32F1xx_HAL_Driver\Src\stm32f1xx_hal_flash.o
HAL_FLASH_Unlock                                  Drivers\STM32F1xx_HAL_Driver\Src\stm32f1xx_hal_flash.o
HAL_GPIOEx_ConfigEventout                         Drivers\STM32F1xx_HAL_Driver\Src\stm32f1xx_hal_gpio_ex.o
HAL_GPIOEx_DisableEventout                        Drivers\STM32F1xx_HAL_Driver\Src\stm32f1xx_hal_gpio_ex.o
HAL_GPIOEx_EnableEventout                         Drivers\STM32F1xx_HAL_Driver\Src\stm32f1xx_hal_gpio_ex.o
HAL_GPIO_DeInit                                   Drivers\STM32F1xx_HAL_Driver\Src\stm32f1xx_hal_gpio.o
HAL_GPIO_EXTI_Callback                            Drivers\STM32F1xx_HAL_Driver\Src\stm32f1xx_hal_gpio.o
HAL_GPIO_EXTI_IRQHandler                          Drivers\STM32F1xx_HAL_Driver\Src\stm32f1xx_hal_gpio.o
HAL_GPIO_Init                                     Drivers\STM32F1xx_HAL_Driver\Src\stm32f1xx_hal_gpio.o
                                                  Drivers\STM32F1xx_HAL_Driver\Src\stm32f1xx_hal_rcc.o
                                                  Src\main.o
HAL_GPIO_LockPin                                  Drivers\STM32F1xx_HAL_Driver\Src\stm32f1xx_hal_gpio.o
HAL_GPIO_ReadPin                                  Drivers\STM32F1xx_HAL_Driver\Src\stm32f1xx_hal_gpio.o
HAL_GPIO_TogglePin                                Drivers\STM32F1xx_HAL_Driver\Src\stm32f1xx_hal_gpio.o
HAL_GPIO_WritePin                                 Drivers\STM32F1xx_HAL_Driver\Src\stm32f1xx_hal_gpio.o
                                                  Src\main.o
HAL_GetDEVID                                      Drivers\STM32F1xx_HAL_Driver\Src\stm32f1xx_hal.o
HAL_GetHalVersion                                 Drivers\STM32F1xx_HAL_Driver\Src\stm32f1xx_hal.o
HAL_GetREVID                                      Drivers\STM32F1xx_HAL_Driver\Src\stm32f1xx_hal.o
HAL_GetTick                                       Drivers\STM32F1xx_HAL_Driver\Src\stm32f1xx_hal.o
                                                  Drivers\STM32F1xx_HAL_Driver\Src\stm32f1xx_hal_dma.o
                                                  Drivers\STM32F1xx_HAL_Driver\Src\stm32f1xx_hal_flash.o
                                                  Drivers\STM32F1xx_HAL_Driver\Src\stm32f1xx_hal_rcc.o
                                                  Drivers\STM32F1xx_HAL_Driver\Src\stm32f1xx_hal_rcc_ex.o
HAL_IncTick                                       Drivers\STM32F1xx_HAL_Driver\Src\stm32f1xx_hal.o
                                                  Src\stm32f1xx_it.o
HAL_Init                                          Drivers\STM32F1xx_HAL_Driver\Src\stm32f1xx_hal.o
                                                  Src\main.o
HAL_InitTick                                      Drivers\STM32F1xx_HAL_Driver\Src\stm32f1xx_hal.o
                                                  Drivers\STM32F1xx_HAL_Driver\Src\stm32f1xx_hal_rcc.o
HAL_MspDeInit                                     Drivers\STM32F1xx_HAL_Driver\Src\stm32f1xx_hal.o
HAL_MspInit                                       Src\stm32f1xx_hal_msp.o
HAL_NVIC_ClearPendingIRQ                          Drivers\STM32F1xx_HAL_Driver\Src\stm32f1xx_hal_cortex.o
HAL_NVIC_DisableIRQ                               Drivers\STM32F1xx_HAL_Driver\Src\stm32f1xx_hal_cortex.o
                                                  Src\stm32f1xx_hal_msp.o
                                                  Src\usbd_conf.o
HAL_NVIC_EnableIRQ                                Drivers\STM32F1xx_HAL_Driver\Src\stm32f1xx_hal_cortex.o
                                                  Src\stm32f1xx_hal_msp.o
                                                  Src\usbd_conf.o
HAL_NVIC_GetActive                                Drivers\STM32F1xx_HAL_Driver\Src\stm32f1xx_hal_cortex.o
HAL_NVIC_GetPendingIRQ                            Drivers\STM32F1xx_HAL_Driver\Src\stm32f1xx_hal_cortex.o
HAL_NVIC_GetPriority                              Drivers\STM32F1xx_HAL_Driver\Src\stm32f1xx_hal_cortex.o
HAL_NVIC_GetPriorityGrouping                      Drivers\STM32F1xx_HAL_Driver\Src\stm32f1xx_hal_cortex.o
HAL_NVIC_SetPendingIRQ                            Drivers\STM32F1xx_HAL_Driver\Src\stm32f1xx_hal_cortex.o
HAL_NVIC_SetPriority                              Drivers\STM32F1xx_HAL_Driver\Src\stm32f1xx_hal_cortex.o
                                                  Drivers\STM32F1xx_HAL_Driver\Src\stm32f1xx_hal.o
                                                  Src\main.o
                                                  Src\stm32f1xx_hal_msp.o
                                                  Src\usbd_conf.o
HAL_NVIC_SetPriorityGrouping                      Drivers\STM32F1xx_HAL_Driver\Src\stm32f1xx_hal_cortex.o
                                                  Drivers\STM32F1xx_HAL_Driver\Src\stm32f1xx_hal.o
                                                  Src\stm32f1xx_hal_msp.o
HAL_NVIC_SystemReset                              Drivers\STM32F1xx_HAL_Driver\Src\stm32f1xx_hal_cortex.o
                                                  Drivers\STM32F1xx_HAL_Driver\Src\stm32f1xx_hal_flash.o
HAL_PCDEx_PMAConfig                               Drivers\STM32F1xx_HAL_Driver\Src\stm32f1xx_hal_pcd_ex.o
                                                  Src\usbd_conf.o
HAL_PCDEx_SetConnectionState                      Src\usbd_conf.o
                                                  Drivers\STM32F1xx_HAL_Driver\Src\stm32f1xx_hal_pcd.o
HAL_PCD_ActivateRemoteWakeup                      Drivers\STM32F1xx_HAL_Driver\Src\stm32f1xx_hal_pcd.o
HAL_PCD_ConnectCallback                           Src\usbd_conf.o
HAL_PCD_DataInStageCallback                       Src\usbd_conf.o
HAL_PCD_DataOutStageCallback                      Src\usbd_conf.o
HAL_PCD_DeActivateRemoteWakeup                    Drivers\STM32F1xx_HAL_Driver\Src\stm32f1xx_hal_pcd.o
HAL_PCD_DeInit                                    Drivers\STM32F1xx_HAL_Driver\Src\stm32f1xx_hal_pcd.o
                                                  Src\usbd_conf.o
HAL_PCD_DevConnect                                Drivers\STM32F1xx_HAL_Driver\Src\stm32f1xx_hal_pcd.o
HAL_PCD_DevDisconnect                             Drivers\STM32F1xx_HAL_Driver\Src\stm32f1xx_hal_pcd.o
HAL_PCD_DisconnectCallback                        Src\usbd_conf.o
HAL_PCD_EP_Close                                  Drivers\STM32F1xx_HAL_Driver\Src\stm32f1xx_hal_pcd.o
                                                  Src\usbd_conf.o
HAL_PCD_EP_ClrStall                               Drivers\STM32F1xx_HAL_Driver\Src\stm32f1xx_hal_pcd.o
                                                  Src\usbd_conf.o
HAL_PCD_EP_Flush                                  Drivers\STM32F1xx_HAL_Driver\Src\stm32f1xx_hal_pcd.o
                                                  Src\usbd_conf.o
HAL_PCD_EP_GetRxCount                             Drivers\STM32F1xx_HAL_Driver\Src\stm32f1xx_hal_pcd.o
                                                  Src\usbd_conf.o
HAL_PCD_EP_Open                                   Drivers\STM32F1xx_HAL_Driver\Src\stm32f1xx_hal_pcd.o
                                                  Src\usbd_conf.o
HAL_PCD_EP_Receive                                Drivers\STM32F1xx_HAL_Driver\Src\stm32f1xx_hal_pcd.o
                                                  Src\usbd_conf.o
HAL_PCD_EP_SetStall                               Drivers\STM32F1xx_HAL_Driver\Src\stm32f1xx_hal_pcd.o
                                                  Src\usbd_conf.o
HAL_PCD_EP_Transmit                               Drivers\STM32F1xx_HAL_Driver\Src\stm32f1xx_hal_pcd.o
                                                  Src\usbd_conf.o
HAL_PCD_GetState                                  Drivers\STM32F1xx_HAL_Driver\Src\stm32f1xx_hal_pcd.o
HAL_PCD_IRQHandler                                Drivers\STM32F1xx_HAL_Driver\Src\stm32f1xx_hal_pcd.o
                                                  Src\stm32f1xx_it.o
HAL_PCD_ISOINIncompleteCallback                   Src\usbd_conf.o
HAL_PCD_ISOOUTIncompleteCallback                  Src\usbd_conf.o
HAL_PCD_Init                                      Drivers\STM32F1xx_HAL_Driver\Src\stm32f1xx_hal_pcd.o
                                                  Src\usbd_conf.o
HAL_PCD_MspDeInit                                 Src\usbd_conf.o
HAL_PCD_MspInit                                   Src\usbd_conf.o
HAL_PCD_ResetCallback                             Src\usbd_conf.o
HAL_PCD_ResumeCallback                            Src\usbd_conf.o
HAL_PCD_SOFCallback                               Src\usbd_conf.o
HAL_PCD_SetAddress                                Drivers\STM32F1xx_HAL_Driver\Src\stm32f1xx_hal_pcd.o
                                                  Src\usbd_conf.o
HAL_PCD_SetupStageCallback                        Src\usbd_conf.o
HAL_PCD_Start                                     Drivers\STM32F1xx_HAL_Driver\Src\stm32f1xx_hal_pcd.o
                                                  Src\usbd_conf.o
HAL_PCD_Stop                                      Drivers\STM32F1xx_HAL_Driver\Src\stm32f1xx_hal_pcd.o
                                                  Src\usbd_conf.o
HAL_PCD_SuspendCallback                           Src\usbd_conf.o
HAL_PWR_ConfigPVD                                 Drivers\STM32F1xx_HAL_Driver\Src\stm32f1xx_hal_pwr.o
HAL_PWR_DeInit                                    Drivers\STM32F1xx_HAL_Driver\Src\stm32f1xx_hal_pwr.o
HAL_PWR_DisableBkUpAccess                         Drivers\STM32F1xx_HAL_Driver\Src\stm32f1xx_hal_pwr.o
HAL_PWR_DisablePVD                                Drivers\STM32F1xx_HAL_Driver\Src\stm32f1xx_hal_pwr.o
HAL_PWR_DisableSEVOnPend                          Drivers\STM32F1xx_HAL_Driver\Src\stm32f1xx_hal_pwr.o
HAL_PWR_DisableSleepOnExit                        Drivers\STM32F1xx_HAL_Driver\Src\stm32f1xx_hal_pwr.o
HAL_PWR_DisableWakeUpPin                          Drivers\STM32F1xx_HAL_Driver\Src\stm32f1xx_hal_pwr.o
HAL_PWR_EnableBkUpAccess                          Drivers\STM32F1xx_HAL_Driver\Src\stm32f1xx_hal_pwr.o
HAL_PWR_EnablePVD                                 Drivers\STM32F1xx_HAL_Driver\Src\stm32f1xx_hal_pwr.o
HAL_PWR_EnableSEVOnPend                           Drivers\STM32F1xx_HAL_Driver\Src\stm32f1xx_hal_pwr.o
HAL_PWR_EnableSleepOnExit                         Drivers\STM32F1xx_HAL_Driver\Src\stm32f1xx_hal_pwr.o
HAL_PWR_EnableWakeUpPin                           Drivers\STM32F1xx_HAL_Driver\Src\stm32f1xx_hal_pwr.o
HAL_PWR_EnterSLEEPMode                            Drivers\STM32F1xx_HAL_Driver\Src\stm32f1xx_hal_pwr.o
HAL_PWR_EnterSTANDBYMode                          Drivers\STM32F1xx_HAL_Driver\Src\stm32f1xx_hal_pwr.o
HAL_PWR_EnterSTOPMode                             Drivers\STM32F1xx_HAL_Driver\Src\stm32f1xx_hal_pwr.o
HAL_PWR_PVDCallback                               Drivers\STM32F1xx_HAL_Driver\Src\stm32f1xx_hal_pwr.o
HAL_PWR_PVD_IRQHandler                            Drivers\STM32F1xx_HAL_Driver\Src\stm32f1xx_hal_pwr.o